Archive member included to satisfy reference by file (symbol)

libraries/lib-board/libstm32f072b.a(stm32f072b_discovery.o)
                              /tmp/ccESifJW.o (STM_EVAL_LEDInit)
libraries/lib-mcu/libstm32f0.a(stm32f0xx_exti.o)
                              libraries/lib-board/libstm32f072b.a(stm32f072b_discovery.o) (EXTI_Init)
libraries/lib-mcu/libstm32f0.a(stm32f0xx_gpio.o)
                              /tmp/ccESifJW.o (GPIO_Init)
libraries/lib-mcu/libstm32f0.a(stm32f0xx_misc.o)
                              libraries/lib-board/libstm32f072b.a(stm32f072b_discovery.o) (NVIC_Init)
libraries/lib-mcu/libstm32f0.a(stm32f0xx_rcc.o)
                              libraries/lib-board/libstm32f072b.a(stm32f072b_discovery.o) (RCC_AHBPeriphClockCmd)
libraries/lib-mcu/libstm32f0.a(stm32f0xx_syscfg.o)
                              libraries/lib-board/libstm32f072b.a(stm32f072b_discovery.o) (SYSCFG_EXTILineConfig)
/home/mikhail/bin/arm-cortexm0-eabi/lib/gcc/arm-cortexm0-eabi/13.2.0/libgcc.a(_udivsi3.o)
                              /tmp/ccXZUENH.o (__aeabi_uidiv)
/home/mikhail/bin/arm-cortexm0-eabi/lib/gcc/arm-cortexm0-eabi/13.2.0/libgcc.a(_divsi3.o)
                              /tmp/ccXZUENH.o (__aeabi_idiv)
/home/mikhail/bin/arm-cortexm0-eabi/lib/gcc/arm-cortexm0-eabi/13.2.0/libgcc.a(_dvmd_tls.o)
                              /home/mikhail/bin/arm-cortexm0-eabi/lib/gcc/arm-cortexm0-eabi/13.2.0/libgcc.a(_udivsi3.o) (__aeabi_idiv0)
/home/mikhail/bin/arm-cortexm0-eabi/lib/gcc/arm-cortexm0-eabi/13.2.0/../../../../arm-cortexm0-eabi/lib/libg.a(libc_a-atexit.o)
                              /home/mikhail/bin/arm-cortexm0-eabi/lib/gcc/arm-cortexm0-eabi/13.2.0/../../../../arm-cortexm0-eabi/lib/crt0.o (atexit)
/home/mikhail/bin/arm-cortexm0-eabi/lib/gcc/arm-cortexm0-eabi/13.2.0/../../../../arm-cortexm0-eabi/lib/libg.a(libc_a-exit.o)
                              /home/mikhail/bin/arm-cortexm0-eabi/lib/gcc/arm-cortexm0-eabi/13.2.0/../../../../arm-cortexm0-eabi/lib/crt0.o (exit)
/home/mikhail/bin/arm-cortexm0-eabi/lib/gcc/arm-cortexm0-eabi/13.2.0/../../../../arm-cortexm0-eabi/lib/libg.a(libc_a-findfp.o)
                              /home/mikhail/bin/arm-cortexm0-eabi/lib/gcc/arm-cortexm0-eabi/13.2.0/../../../../arm-cortexm0-eabi/lib/libg.a(libc_a-exit.o) (__stdio_exit_handler)
/home/mikhail/bin/arm-cortexm0-eabi/lib/gcc/arm-cortexm0-eabi/13.2.0/../../../../arm-cortexm0-eabi/lib/libg.a(libc_a-fwalk.o)
                              /home/mikhail/bin/arm-cortexm0-eabi/lib/gcc/arm-cortexm0-eabi/13.2.0/../../../../arm-cortexm0-eabi/lib/libg.a(libc_a-findfp.o) (_fwalk_sglue)
/home/mikhail/bin/arm-cortexm0-eabi/lib/gcc/arm-cortexm0-eabi/13.2.0/../../../../arm-cortexm0-eabi/lib/libg.a(libc_a-stdio.o)
                              /home/mikhail/bin/arm-cortexm0-eabi/lib/gcc/arm-cortexm0-eabi/13.2.0/../../../../arm-cortexm0-eabi/lib/libg.a(libc_a-findfp.o) (__sread)
/home/mikhail/bin/arm-cortexm0-eabi/lib/gcc/arm-cortexm0-eabi/13.2.0/../../../../arm-cortexm0-eabi/lib/libg.a(libc_a-memset.o)
                              /home/mikhail/bin/arm-cortexm0-eabi/lib/gcc/arm-cortexm0-eabi/13.2.0/../../../../arm-cortexm0-eabi/lib/crt0.o (memset)
/home/mikhail/bin/arm-cortexm0-eabi/lib/gcc/arm-cortexm0-eabi/13.2.0/../../../../arm-cortexm0-eabi/lib/libg.a(libc_a-closer.o)
                              /home/mikhail/bin/arm-cortexm0-eabi/lib/gcc/arm-cortexm0-eabi/13.2.0/../../../../arm-cortexm0-eabi/lib/libg.a(libc_a-stdio.o) (_close_r)
/home/mikhail/bin/arm-cortexm0-eabi/lib/gcc/arm-cortexm0-eabi/13.2.0/../../../../arm-cortexm0-eabi/lib/libg.a(libc_a-reent.o)
                              /home/mikhail/bin/arm-cortexm0-eabi/lib/gcc/arm-cortexm0-eabi/13.2.0/../../../../arm-cortexm0-eabi/lib/libg.a(libc_a-closer.o) (errno)
/home/mikhail/bin/arm-cortexm0-eabi/lib/gcc/arm-cortexm0-eabi/13.2.0/../../../../arm-cortexm0-eabi/lib/libg.a(libc_a-impure.o)
                              /home/mikhail/bin/arm-cortexm0-eabi/lib/gcc/arm-cortexm0-eabi/13.2.0/../../../../arm-cortexm0-eabi/lib/libg.a(libc_a-reent.o) (_impure_ptr)
/home/mikhail/bin/arm-cortexm0-eabi/lib/gcc/arm-cortexm0-eabi/13.2.0/../../../../arm-cortexm0-eabi/lib/libg.a(libc_a-lseekr.o)
                              /home/mikhail/bin/arm-cortexm0-eabi/lib/gcc/arm-cortexm0-eabi/13.2.0/../../../../arm-cortexm0-eabi/lib/libg.a(libc_a-stdio.o) (_lseek_r)
/home/mikhail/bin/arm-cortexm0-eabi/lib/gcc/arm-cortexm0-eabi/13.2.0/../../../../arm-cortexm0-eabi/lib/libg.a(libc_a-readr.o)
                              /home/mikhail/bin/arm-cortexm0-eabi/lib/gcc/arm-cortexm0-eabi/13.2.0/../../../../arm-cortexm0-eabi/lib/libg.a(libc_a-stdio.o) (_read_r)
/home/mikhail/bin/arm-cortexm0-eabi/lib/gcc/arm-cortexm0-eabi/13.2.0/../../../../arm-cortexm0-eabi/lib/libg.a(libc_a-writer.o)
                              /home/mikhail/bin/arm-cortexm0-eabi/lib/gcc/arm-cortexm0-eabi/13.2.0/../../../../arm-cortexm0-eabi/lib/libg.a(libc_a-stdio.o) (_write_r)
/home/mikhail/bin/arm-cortexm0-eabi/lib/gcc/arm-cortexm0-eabi/13.2.0/../../../../arm-cortexm0-eabi/lib/libg.a(libc_a-init.o)
                              /home/mikhail/bin/arm-cortexm0-eabi/lib/gcc/arm-cortexm0-eabi/13.2.0/../../../../arm-cortexm0-eabi/lib/crt0.o (__libc_init_array)
/home/mikhail/bin/arm-cortexm0-eabi/lib/gcc/arm-cortexm0-eabi/13.2.0/../../../../arm-cortexm0-eabi/lib/libg.a(libc_a-fini.o)
                              /home/mikhail/bin/arm-cortexm0-eabi/lib/gcc/arm-cortexm0-eabi/13.2.0/../../../../arm-cortexm0-eabi/lib/crt0.o (__libc_fini_array)
/home/mikhail/bin/arm-cortexm0-eabi/lib/gcc/arm-cortexm0-eabi/13.2.0/../../../../arm-cortexm0-eabi/lib/libg.a(libc_a-syscalls.o)
                              /home/mikhail/bin/arm-cortexm0-eabi/lib/gcc/arm-cortexm0-eabi/13.2.0/../../../../arm-cortexm0-eabi/lib/crt0.o (initialise_monitor_handles)
/home/mikhail/bin/arm-cortexm0-eabi/lib/gcc/arm-cortexm0-eabi/13.2.0/../../../../arm-cortexm0-eabi/lib/libg.a(libc_a-strlen.o)
                              /home/mikhail/bin/arm-cortexm0-eabi/lib/gcc/arm-cortexm0-eabi/13.2.0/../../../../arm-cortexm0-eabi/lib/libg.a(libc_a-syscalls.o) (strlen)
/home/mikhail/bin/arm-cortexm0-eabi/lib/gcc/arm-cortexm0-eabi/13.2.0/../../../../arm-cortexm0-eabi/lib/libg.a(libc_a-__atexit.o)
                              /home/mikhail/bin/arm-cortexm0-eabi/lib/gcc/arm-cortexm0-eabi/13.2.0/../../../../arm-cortexm0-eabi/lib/libg.a(libc_a-atexit.o) (__register_exitproc)
/home/mikhail/bin/arm-cortexm0-eabi/lib/gcc/arm-cortexm0-eabi/13.2.0/../../../../arm-cortexm0-eabi/lib/libg.a(libc_a-__call_atexit.o)
                              /home/mikhail/bin/arm-cortexm0-eabi/lib/gcc/arm-cortexm0-eabi/13.2.0/../../../../arm-cortexm0-eabi/lib/libg.a(libc_a-exit.o) (__call_exitprocs)
/home/mikhail/bin/arm-cortexm0-eabi/lib/gcc/arm-cortexm0-eabi/13.2.0/../../../../arm-cortexm0-eabi/lib/libg.a(libc_a-freer.o)
                              /home/mikhail/bin/arm-cortexm0-eabi/lib/gcc/arm-cortexm0-eabi/13.2.0/../../../../arm-cortexm0-eabi/lib/libg.a(libc_a-reent.o) (_free_r)
/home/mikhail/bin/arm-cortexm0-eabi/lib/gcc/arm-cortexm0-eabi/13.2.0/../../../../arm-cortexm0-eabi/lib/libg.a(libc_a-mallocr.o)
                              /home/mikhail/bin/arm-cortexm0-eabi/lib/gcc/arm-cortexm0-eabi/13.2.0/../../../../arm-cortexm0-eabi/lib/libg.a(libc_a-findfp.o) (_malloc_r)
/home/mikhail/bin/arm-cortexm0-eabi/lib/gcc/arm-cortexm0-eabi/13.2.0/../../../../arm-cortexm0-eabi/lib/libg.a(libc_a-mlock.o)
                              /home/mikhail/bin/arm-cortexm0-eabi/lib/gcc/arm-cortexm0-eabi/13.2.0/../../../../arm-cortexm0-eabi/lib/libg.a(libc_a-freer.o) (__malloc_lock)
/home/mikhail/bin/arm-cortexm0-eabi/lib/gcc/arm-cortexm0-eabi/13.2.0/../../../../arm-cortexm0-eabi/lib/libg.a(libc_a-fclose.o)
                              /home/mikhail/bin/arm-cortexm0-eabi/lib/gcc/arm-cortexm0-eabi/13.2.0/../../../../arm-cortexm0-eabi/lib/libg.a(libc_a-findfp.o) (_fclose_r)
/home/mikhail/bin/arm-cortexm0-eabi/lib/gcc/arm-cortexm0-eabi/13.2.0/../../../../arm-cortexm0-eabi/lib/libg.a(libc_a-fflush.o)
                              /home/mikhail/bin/arm-cortexm0-eabi/lib/gcc/arm-cortexm0-eabi/13.2.0/../../../../arm-cortexm0-eabi/lib/libg.a(libc_a-fclose.o) (__sflush_r)
/home/mikhail/bin/arm-cortexm0-eabi/lib/gcc/arm-cortexm0-eabi/13.2.0/../../../../arm-cortexm0-eabi/lib/libg.a(libc_a-sbrkr.o)
                              /home/mikhail/bin/arm-cortexm0-eabi/lib/gcc/arm-cortexm0-eabi/13.2.0/../../../../arm-cortexm0-eabi/lib/libg.a(libc_a-freer.o) (_sbrk_r)
/home/mikhail/bin/arm-cortexm0-eabi/lib/gcc/arm-cortexm0-eabi/13.2.0/../../../../arm-cortexm0-eabi/lib/libg.a(libc_a-errno.o)
                              /home/mikhail/bin/arm-cortexm0-eabi/lib/gcc/arm-cortexm0-eabi/13.2.0/../../../../arm-cortexm0-eabi/lib/libg.a(libc_a-syscalls.o) (__errno)
/home/mikhail/bin/arm-cortexm0-eabi/lib/gcc/arm-cortexm0-eabi/13.2.0/../../../../arm-cortexm0-eabi/lib/libg.a(libc_a-sysconf.o)
                              /home/mikhail/bin/arm-cortexm0-eabi/lib/gcc/arm-cortexm0-eabi/13.2.0/../../../../arm-cortexm0-eabi/lib/libg.a(libc_a-freer.o) (sysconf)

Discarded input sections

 .text          0x00000000        0x0 /home/mikhail/bin/arm-cortexm0-eabi/lib/gcc/arm-cortexm0-eabi/13.2.0/crti.o
 .data          0x00000000        0x0 /home/mikhail/bin/arm-cortexm0-eabi/lib/gcc/arm-cortexm0-eabi/13.2.0/crti.o
 .bss           0x00000000        0x0 /home/mikhail/bin/arm-cortexm0-eabi/lib/gcc/arm-cortexm0-eabi/13.2.0/crti.o
 .text          0x00000000       0x98 /home/mikhail/bin/arm-cortexm0-eabi/lib/gcc/arm-cortexm0-eabi/13.2.0/crtbegin.o
 .data          0x00000000        0x4 /home/mikhail/bin/arm-cortexm0-eabi/lib/gcc/arm-cortexm0-eabi/13.2.0/crtbegin.o
 .bss           0x00000000       0x1c /home/mikhail/bin/arm-cortexm0-eabi/lib/gcc/arm-cortexm0-eabi/13.2.0/crtbegin.o
 .rodata        0x00000000       0x24 /home/mikhail/bin/arm-cortexm0-eabi/lib/gcc/arm-cortexm0-eabi/13.2.0/crtbegin.o
 .init_array    0x00000000        0x4 /home/mikhail/bin/arm-cortexm0-eabi/lib/gcc/arm-cortexm0-eabi/13.2.0/crtbegin.o
 .fini_array    0x00000000        0x4 /home/mikhail/bin/arm-cortexm0-eabi/lib/gcc/arm-cortexm0-eabi/13.2.0/crtbegin.o
 .eh_frame      0x00000000        0x0 /home/mikhail/bin/arm-cortexm0-eabi/lib/gcc/arm-cortexm0-eabi/13.2.0/crtbegin.o
 .tm_clone_table
                0x00000000        0x0 /home/mikhail/bin/arm-cortexm0-eabi/lib/gcc/arm-cortexm0-eabi/13.2.0/crtbegin.o
 .comment       0x00000000       0x37 /home/mikhail/bin/arm-cortexm0-eabi/lib/gcc/arm-cortexm0-eabi/13.2.0/crtbegin.o
 .ARM.attributes
                0x00000000       0x2c /home/mikhail/bin/arm-cortexm0-eabi/lib/gcc/arm-cortexm0-eabi/13.2.0/crtbegin.o
 .text          0x00000000       0xf0 /home/mikhail/bin/arm-cortexm0-eabi/lib/gcc/arm-cortexm0-eabi/13.2.0/../../../../arm-cortexm0-eabi/lib/crt0.o
 .data          0x00000000      0x118 /home/mikhail/bin/arm-cortexm0-eabi/lib/gcc/arm-cortexm0-eabi/13.2.0/../../../../arm-cortexm0-eabi/lib/crt0.o
 .bss           0x00000000        0x0 /home/mikhail/bin/arm-cortexm0-eabi/lib/gcc/arm-cortexm0-eabi/13.2.0/../../../../arm-cortexm0-eabi/lib/crt0.o
 .ARM.extab     0x00000000        0x0 /home/mikhail/bin/arm-cortexm0-eabi/lib/gcc/arm-cortexm0-eabi/13.2.0/../../../../arm-cortexm0-eabi/lib/crt0.o
 .ARM.exidx     0x00000000       0x10 /home/mikhail/bin/arm-cortexm0-eabi/lib/gcc/arm-cortexm0-eabi/13.2.0/../../../../arm-cortexm0-eabi/lib/crt0.o
 .debug_line    0x00000000       0xc0 /home/mikhail/bin/arm-cortexm0-eabi/lib/gcc/arm-cortexm0-eabi/13.2.0/../../../../arm-cortexm0-eabi/lib/crt0.o
 .debug_line_str
                0x00000000       0xb0 /home/mikhail/bin/arm-cortexm0-eabi/lib/gcc/arm-cortexm0-eabi/13.2.0/../../../../arm-cortexm0-eabi/lib/crt0.o
 .debug_info    0x00000000       0x25 /home/mikhail/bin/arm-cortexm0-eabi/lib/gcc/arm-cortexm0-eabi/13.2.0/../../../../arm-cortexm0-eabi/lib/crt0.o
 .debug_abbrev  0x00000000       0x14 /home/mikhail/bin/arm-cortexm0-eabi/lib/gcc/arm-cortexm0-eabi/13.2.0/../../../../arm-cortexm0-eabi/lib/crt0.o
 .debug_aranges
                0x00000000       0x20 /home/mikhail/bin/arm-cortexm0-eabi/lib/gcc/arm-cortexm0-eabi/13.2.0/../../../../arm-cortexm0-eabi/lib/crt0.o
 .debug_str     0x00000000       0xbc /home/mikhail/bin/arm-cortexm0-eabi/lib/gcc/arm-cortexm0-eabi/13.2.0/../../../../arm-cortexm0-eabi/lib/crt0.o
 .ARM.attributes
                0x00000000       0x1b /home/mikhail/bin/arm-cortexm0-eabi/lib/gcc/arm-cortexm0-eabi/13.2.0/../../../../arm-cortexm0-eabi/lib/crt0.o
 .text          0x00000000       0x14 /tmp/cc5w9cXT.o
 .data          0x00000000        0x0 /tmp/cc5w9cXT.o
 .bss           0x00000000        0x0 /tmp/cc5w9cXT.o
 .text          0x00000000        0x0 /tmp/ccXZUENH.o
 .data          0x00000000        0x0 /tmp/ccXZUENH.o
 .bss           0x00000000        0x0 /tmp/ccXZUENH.o
 .text.SystemCoreClockUpdate
                0x00000000       0x5c /tmp/ccXZUENH.o
 .rodata.AHBPrescTable
                0x00000000       0x10 /tmp/ccXZUENH.o
 .text          0x00000000        0x0 /tmp/ccvgMndc.o
 .data          0x00000000        0x0 /tmp/ccvgMndc.o
 .bss           0x00000000        0x0 /tmp/ccvgMndc.o
 .text          0x00000000        0x0 /tmp/ccESifJW.o
 .data          0x00000000        0x0 /tmp/ccESifJW.o
 .bss           0x00000000        0x0 /tmp/ccESifJW.o
 .bss           0x00000000        0x0 libraries/lib-board/libstm32f072b.a(stm32f072b_discovery.o)
 .data          0x00000000        0x0 libraries/lib-mcu/libstm32f0.a(stm32f0xx_exti.o)
 .bss           0x00000000        0x0 libraries/lib-mcu/libstm32f0.a(stm32f0xx_exti.o)
 .data          0x00000000        0x0 libraries/lib-mcu/libstm32f0.a(stm32f0xx_gpio.o)
 .bss           0x00000000        0x0 libraries/lib-mcu/libstm32f0.a(stm32f0xx_gpio.o)
 .data          0x00000000        0x0 libraries/lib-mcu/libstm32f0.a(stm32f0xx_misc.o)
 .bss           0x00000000        0x0 libraries/lib-mcu/libstm32f0.a(stm32f0xx_misc.o)
 .data          0x00000000        0x0 libraries/lib-mcu/libstm32f0.a(stm32f0xx_rcc.o)
 .bss           0x00000000        0x0 libraries/lib-mcu/libstm32f0.a(stm32f0xx_rcc.o)
 .data          0x00000000        0x0 libraries/lib-mcu/libstm32f0.a(stm32f0xx_syscfg.o)
 .bss           0x00000000        0x0 libraries/lib-mcu/libstm32f0.a(stm32f0xx_syscfg.o)
 .data          0x00000000        0x0 /home/mikhail/bin/arm-cortexm0-eabi/lib/gcc/arm-cortexm0-eabi/13.2.0/libgcc.a(_udivsi3.o)
 .bss           0x00000000        0x0 /home/mikhail/bin/arm-cortexm0-eabi/lib/gcc/arm-cortexm0-eabi/13.2.0/libgcc.a(_udivsi3.o)
 .text          0x00000000       0xa8 /home/mikhail/bin/arm-cortexm0-eabi/lib/gcc/arm-cortexm0-eabi/13.2.0/libgcc.a(_divsi3.o)
 .data          0x00000000        0x0 /home/mikhail/bin/arm-cortexm0-eabi/lib/gcc/arm-cortexm0-eabi/13.2.0/libgcc.a(_divsi3.o)
 .bss           0x00000000        0x0 /home/mikhail/bin/arm-cortexm0-eabi/lib/gcc/arm-cortexm0-eabi/13.2.0/libgcc.a(_divsi3.o)
 .debug_frame   0x00000000       0x20 /home/mikhail/bin/arm-cortexm0-eabi/lib/gcc/arm-cortexm0-eabi/13.2.0/libgcc.a(_divsi3.o)
 .debug_line    0x00000000       0x6f /home/mikhail/bin/arm-cortexm0-eabi/lib/gcc/arm-cortexm0-eabi/13.2.0/libgcc.a(_divsi3.o)
 .debug_line_str
                0x00000000       0xb8 /home/mikhail/bin/arm-cortexm0-eabi/lib/gcc/arm-cortexm0-eabi/13.2.0/libgcc.a(_divsi3.o)
 .debug_info    0x00000000       0x3e /home/mikhail/bin/arm-cortexm0-eabi/lib/gcc/arm-cortexm0-eabi/13.2.0/libgcc.a(_divsi3.o)
 .debug_abbrev  0x00000000       0x28 /home/mikhail/bin/arm-cortexm0-eabi/lib/gcc/arm-cortexm0-eabi/13.2.0/libgcc.a(_divsi3.o)
 .debug_aranges
                0x00000000       0x20 /home/mikhail/bin/arm-cortexm0-eabi/lib/gcc/arm-cortexm0-eabi/13.2.0/libgcc.a(_divsi3.o)
 .debug_str     0x00000000       0xdd /home/mikhail/bin/arm-cortexm0-eabi/lib/gcc/arm-cortexm0-eabi/13.2.0/libgcc.a(_divsi3.o)
 .ARM.attributes
                0x00000000       0x1e /home/mikhail/bin/arm-cortexm0-eabi/lib/gcc/arm-cortexm0-eabi/13.2.0/libgcc.a(_divsi3.o)
 .data          0x00000000        0x0 /home/mikhail/bin/arm-cortexm0-eabi/lib/gcc/arm-cortexm0-eabi/13.2.0/libgcc.a(_dvmd_tls.o)
 .bss           0x00000000        0x0 /home/mikhail/bin/arm-cortexm0-eabi/lib/gcc/arm-cortexm0-eabi/13.2.0/libgcc.a(_dvmd_tls.o)
 .text          0x00000000       0x10 /home/mikhail/bin/arm-cortexm0-eabi/lib/gcc/arm-cortexm0-eabi/13.2.0/../../../../arm-cortexm0-eabi/lib/libg.a(libc_a-atexit.o)
 .data          0x00000000        0x0 /home/mikhail/bin/arm-cortexm0-eabi/lib/gcc/arm-cortexm0-eabi/13.2.0/../../../../arm-cortexm0-eabi/lib/libg.a(libc_a-atexit.o)
 .bss           0x00000000        0x0 /home/mikhail/bin/arm-cortexm0-eabi/lib/gcc/arm-cortexm0-eabi/13.2.0/../../../../arm-cortexm0-eabi/lib/libg.a(libc_a-atexit.o)
 .debug_info    0x00000000      0x11e /home/mikhail/bin/arm-cortexm0-eabi/lib/gcc/arm-cortexm0-eabi/13.2.0/../../../../arm-cortexm0-eabi/lib/libg.a(libc_a-atexit.o)
 .debug_abbrev  0x00000000       0xbe /home/mikhail/bin/arm-cortexm0-eabi/lib/gcc/arm-cortexm0-eabi/13.2.0/../../../../arm-cortexm0-eabi/lib/libg.a(libc_a-atexit.o)
 .debug_loclists
                0x00000000       0x2b /home/mikhail/bin/arm-cortexm0-eabi/lib/gcc/arm-cortexm0-eabi/13.2.0/../../../../arm-cortexm0-eabi/lib/libg.a(libc_a-atexit.o)
 .debug_aranges
                0x00000000       0x20 /home/mikhail/bin/arm-cortexm0-eabi/lib/gcc/arm-cortexm0-eabi/13.2.0/../../../../arm-cortexm0-eabi/lib/libg.a(libc_a-atexit.o)
 .debug_line    0x00000000       0xff /home/mikhail/bin/arm-cortexm0-eabi/lib/gcc/arm-cortexm0-eabi/13.2.0/../../../../arm-cortexm0-eabi/lib/libg.a(libc_a-atexit.o)
 .debug_str     0x00000000      0x1f2 /home/mikhail/bin/arm-cortexm0-eabi/lib/gcc/arm-cortexm0-eabi/13.2.0/../../../../arm-cortexm0-eabi/lib/libg.a(libc_a-atexit.o)
 .comment       0x00000000       0x37 /home/mikhail/bin/arm-cortexm0-eabi/lib/gcc/arm-cortexm0-eabi/13.2.0/../../../../arm-cortexm0-eabi/lib/libg.a(libc_a-atexit.o)
 .debug_frame   0x00000000       0x28 /home/mikhail/bin/arm-cortexm0-eabi/lib/gcc/arm-cortexm0-eabi/13.2.0/../../../../arm-cortexm0-eabi/lib/libg.a(libc_a-atexit.o)
 .ARM.attributes
                0x00000000       0x2c /home/mikhail/bin/arm-cortexm0-eabi/lib/gcc/arm-cortexm0-eabi/13.2.0/../../../../arm-cortexm0-eabi/lib/libg.a(libc_a-atexit.o)
 .text          0x00000000       0x20 /home/mikhail/bin/arm-cortexm0-eabi/lib/gcc/arm-cortexm0-eabi/13.2.0/../../../../arm-cortexm0-eabi/lib/libg.a(libc_a-exit.o)
 .data          0x00000000        0x0 /home/mikhail/bin/arm-cortexm0-eabi/lib/gcc/arm-cortexm0-eabi/13.2.0/../../../../arm-cortexm0-eabi/lib/libg.a(libc_a-exit.o)
 .bss           0x00000000        0x0 /home/mikhail/bin/arm-cortexm0-eabi/lib/gcc/arm-cortexm0-eabi/13.2.0/../../../../arm-cortexm0-eabi/lib/libg.a(libc_a-exit.o)
 .debug_info    0x00000000      0x10a /home/mikhail/bin/arm-cortexm0-eabi/lib/gcc/arm-cortexm0-eabi/13.2.0/../../../../arm-cortexm0-eabi/lib/libg.a(libc_a-exit.o)
 .debug_abbrev  0x00000000       0xd5 /home/mikhail/bin/arm-cortexm0-eabi/lib/gcc/arm-cortexm0-eabi/13.2.0/../../../../arm-cortexm0-eabi/lib/libg.a(libc_a-exit.o)
 .debug_loclists
                0x00000000       0x1b /home/mikhail/bin/arm-cortexm0-eabi/lib/gcc/arm-cortexm0-eabi/13.2.0/../../../../arm-cortexm0-eabi/lib/libg.a(libc_a-exit.o)
 .debug_aranges
                0x00000000       0x20 /home/mikhail/bin/arm-cortexm0-eabi/lib/gcc/arm-cortexm0-eabi/13.2.0/../../../../arm-cortexm0-eabi/lib/libg.a(libc_a-exit.o)
 .debug_line    0x00000000      0x17c /home/mikhail/bin/arm-cortexm0-eabi/lib/gcc/arm-cortexm0-eabi/13.2.0/../../../../arm-cortexm0-eabi/lib/libg.a(libc_a-exit.o)
 .debug_str     0x00000000      0x1db /home/mikhail/bin/arm-cortexm0-eabi/lib/gcc/arm-cortexm0-eabi/13.2.0/../../../../arm-cortexm0-eabi/lib/libg.a(libc_a-exit.o)
 .comment       0x00000000       0x37 /home/mikhail/bin/arm-cortexm0-eabi/lib/gcc/arm-cortexm0-eabi/13.2.0/../../../../arm-cortexm0-eabi/lib/libg.a(libc_a-exit.o)
 .debug_frame   0x00000000       0x28 /home/mikhail/bin/arm-cortexm0-eabi/lib/gcc/arm-cortexm0-eabi/13.2.0/../../../../arm-cortexm0-eabi/lib/libg.a(libc_a-exit.o)
 .ARM.attributes
                0x00000000       0x2c /home/mikhail/bin/arm-cortexm0-eabi/lib/gcc/arm-cortexm0-eabi/13.2.0/../../../../arm-cortexm0-eabi/lib/libg.a(libc_a-exit.o)
 .text          0x00000000      0x1d0 /home/mikhail/bin/arm-cortexm0-eabi/lib/gcc/arm-cortexm0-eabi/13.2.0/../../../../arm-cortexm0-eabi/lib/libg.a(libc_a-findfp.o)
 .data          0x00000000        0xc /home/mikhail/bin/arm-cortexm0-eabi/lib/gcc/arm-cortexm0-eabi/13.2.0/../../../../arm-cortexm0-eabi/lib/libg.a(libc_a-findfp.o)
 .bss           0x00000000      0x13c /home/mikhail/bin/arm-cortexm0-eabi/lib/gcc/arm-cortexm0-eabi/13.2.0/../../../../arm-cortexm0-eabi/lib/libg.a(libc_a-findfp.o)
 .debug_info    0x00000000      0xe4d /home/mikhail/bin/arm-cortexm0-eabi/lib/gcc/arm-cortexm0-eabi/13.2.0/../../../../arm-cortexm0-eabi/lib/libg.a(libc_a-findfp.o)
 .debug_abbrev  0x00000000      0x443 /home/mikhail/bin/arm-cortexm0-eabi/lib/gcc/arm-cortexm0-eabi/13.2.0/../../../../arm-cortexm0-eabi/lib/libg.a(libc_a-findfp.o)
 .debug_loclists
                0x00000000      0x1dd /home/mikhail/bin/arm-cortexm0-eabi/lib/gcc/arm-cortexm0-eabi/13.2.0/../../../../arm-cortexm0-eabi/lib/libg.a(libc_a-findfp.o)
 .debug_aranges
                0x00000000       0x20 /home/mikhail/bin/arm-cortexm0-eabi/lib/gcc/arm-cortexm0-eabi/13.2.0/../../../../arm-cortexm0-eabi/lib/libg.a(libc_a-findfp.o)
 .debug_rnglists
                0x00000000       0x32 /home/mikhail/bin/arm-cortexm0-eabi/lib/gcc/arm-cortexm0-eabi/13.2.0/../../../../arm-cortexm0-eabi/lib/libg.a(libc_a-findfp.o)
 .debug_line    0x00000000      0x4fc /home/mikhail/bin/arm-cortexm0-eabi/lib/gcc/arm-cortexm0-eabi/13.2.0/../../../../arm-cortexm0-eabi/lib/libg.a(libc_a-findfp.o)
 .debug_str     0x00000000      0x6d0 /home/mikhail/bin/arm-cortexm0-eabi/lib/gcc/arm-cortexm0-eabi/13.2.0/../../../../arm-cortexm0-eabi/lib/libg.a(libc_a-findfp.o)
 .comment       0x00000000       0x37 /home/mikhail/bin/arm-cortexm0-eabi/lib/gcc/arm-cortexm0-eabi/13.2.0/../../../../arm-cortexm0-eabi/lib/libg.a(libc_a-findfp.o)
 .debug_frame   0x00000000      0x118 /home/mikhail/bin/arm-cortexm0-eabi/lib/gcc/arm-cortexm0-eabi/13.2.0/../../../../arm-cortexm0-eabi/lib/libg.a(libc_a-findfp.o)
 .ARM.attributes
                0x00000000       0x2c /home/mikhail/bin/arm-cortexm0-eabi/lib/gcc/arm-cortexm0-eabi/13.2.0/../../../../arm-cortexm0-eabi/lib/libg.a(libc_a-findfp.o)
 .text          0x00000000       0x38 /home/mikhail/bin/arm-cortexm0-eabi/lib/gcc/arm-cortexm0-eabi/13.2.0/../../../../arm-cortexm0-eabi/lib/libg.a(libc_a-fwalk.o)
 .data          0x00000000        0x0 /home/mikhail/bin/arm-cortexm0-eabi/lib/gcc/arm-cortexm0-eabi/13.2.0/../../../../arm-cortexm0-eabi/lib/libg.a(libc_a-fwalk.o)
 .bss           0x00000000        0x0 /home/mikhail/bin/arm-cortexm0-eabi/lib/gcc/arm-cortexm0-eabi/13.2.0/../../../../arm-cortexm0-eabi/lib/libg.a(libc_a-fwalk.o)
 .debug_info    0x00000000      0x7e9 /home/mikhail/bin/arm-cortexm0-eabi/lib/gcc/arm-cortexm0-eabi/13.2.0/../../../../arm-cortexm0-eabi/lib/libg.a(libc_a-fwalk.o)
 .debug_abbrev  0x00000000      0x1dc /home/mikhail/bin/arm-cortexm0-eabi/lib/gcc/arm-cortexm0-eabi/13.2.0/../../../../arm-cortexm0-eabi/lib/libg.a(libc_a-fwalk.o)
 .debug_loclists
                0x00000000       0x8e /home/mikhail/bin/arm-cortexm0-eabi/lib/gcc/arm-cortexm0-eabi/13.2.0/../../../../arm-cortexm0-eabi/lib/libg.a(libc_a-fwalk.o)
 .debug_aranges
                0x00000000       0x20 /home/mikhail/bin/arm-cortexm0-eabi/lib/gcc/arm-cortexm0-eabi/13.2.0/../../../../arm-cortexm0-eabi/lib/libg.a(libc_a-fwalk.o)
 .debug_line    0x00000000      0x22d /home/mikhail/bin/arm-cortexm0-eabi/lib/gcc/arm-cortexm0-eabi/13.2.0/../../../../arm-cortexm0-eabi/lib/libg.a(libc_a-fwalk.o)
 .debug_str     0x00000000      0x4d8 /home/mikhail/bin/arm-cortexm0-eabi/lib/gcc/arm-cortexm0-eabi/13.2.0/../../../../arm-cortexm0-eabi/lib/libg.a(libc_a-fwalk.o)
 .comment       0x00000000       0x37 /home/mikhail/bin/arm-cortexm0-eabi/lib/gcc/arm-cortexm0-eabi/13.2.0/../../../../arm-cortexm0-eabi/lib/libg.a(libc_a-fwalk.o)
 .debug_frame   0x00000000       0x34 /home/mikhail/bin/arm-cortexm0-eabi/lib/gcc/arm-cortexm0-eabi/13.2.0/../../../../arm-cortexm0-eabi/lib/libg.a(libc_a-fwalk.o)
 .ARM.attributes
                0x00000000       0x2c /home/mikhail/bin/arm-cortexm0-eabi/lib/gcc/arm-cortexm0-eabi/13.2.0/../../../../arm-cortexm0-eabi/lib/libg.a(libc_a-fwalk.o)
 .text          0x00000000       0x9c /home/mikhail/bin/arm-cortexm0-eabi/lib/gcc/arm-cortexm0-eabi/13.2.0/../../../../arm-cortexm0-eabi/lib/libg.a(libc_a-stdio.o)
 .data          0x00000000        0x0 /home/mikhail/bin/arm-cortexm0-eabi/lib/gcc/arm-cortexm0-eabi/13.2.0/../../../../arm-cortexm0-eabi/lib/libg.a(libc_a-stdio.o)
 .bss           0x00000000        0x0 /home/mikhail/bin/arm-cortexm0-eabi/lib/gcc/arm-cortexm0-eabi/13.2.0/../../../../arm-cortexm0-eabi/lib/libg.a(libc_a-stdio.o)
 .debug_info    0x00000000      0xa96 /home/mikhail/bin/arm-cortexm0-eabi/lib/gcc/arm-cortexm0-eabi/13.2.0/../../../../arm-cortexm0-eabi/lib/libg.a(libc_a-stdio.o)
 .debug_abbrev  0x00000000      0x242 /home/mikhail/bin/arm-cortexm0-eabi/lib/gcc/arm-cortexm0-eabi/13.2.0/../../../../arm-cortexm0-eabi/lib/libg.a(libc_a-stdio.o)
 .debug_loclists
                0x00000000      0x259 /home/mikhail/bin/arm-cortexm0-eabi/lib/gcc/arm-cortexm0-eabi/13.2.0/../../../../arm-cortexm0-eabi/lib/libg.a(libc_a-stdio.o)
 .debug_aranges
                0x00000000       0x20 /home/mikhail/bin/arm-cortexm0-eabi/lib/gcc/arm-cortexm0-eabi/13.2.0/../../../../arm-cortexm0-eabi/lib/libg.a(libc_a-stdio.o)
 .debug_line    0x00000000      0x2a5 /home/mikhail/bin/arm-cortexm0-eabi/lib/gcc/arm-cortexm0-eabi/13.2.0/../../../../arm-cortexm0-eabi/lib/libg.a(libc_a-stdio.o)
 .debug_str     0x00000000      0x535 /home/mikhail/bin/arm-cortexm0-eabi/lib/gcc/arm-cortexm0-eabi/13.2.0/../../../../arm-cortexm0-eabi/lib/libg.a(libc_a-stdio.o)
 .comment       0x00000000       0x37 /home/mikhail/bin/arm-cortexm0-eabi/lib/gcc/arm-cortexm0-eabi/13.2.0/../../../../arm-cortexm0-eabi/lib/libg.a(libc_a-stdio.o)
 .debug_frame   0x00000000       0x90 /home/mikhail/bin/arm-cortexm0-eabi/lib/gcc/arm-cortexm0-eabi/13.2.0/../../../../arm-cortexm0-eabi/lib/libg.a(libc_a-stdio.o)
 .ARM.attributes
                0x00000000       0x2c /home/mikhail/bin/arm-cortexm0-eabi/lib/gcc/arm-cortexm0-eabi/13.2.0/../../../../arm-cortexm0-eabi/lib/libg.a(libc_a-stdio.o)
 .text          0x00000000       0x10 /home/mikhail/bin/arm-cortexm0-eabi/lib/gcc/arm-cortexm0-eabi/13.2.0/../../../../arm-cortexm0-eabi/lib/libg.a(libc_a-memset.o)
 .data          0x00000000        0x0 /home/mikhail/bin/arm-cortexm0-eabi/lib/gcc/arm-cortexm0-eabi/13.2.0/../../../../arm-cortexm0-eabi/lib/libg.a(libc_a-memset.o)
 .bss           0x00000000        0x0 /home/mikhail/bin/arm-cortexm0-eabi/lib/gcc/arm-cortexm0-eabi/13.2.0/../../../../arm-cortexm0-eabi/lib/libg.a(libc_a-memset.o)
 .debug_info    0x00000000       0xe0 /home/mikhail/bin/arm-cortexm0-eabi/lib/gcc/arm-cortexm0-eabi/13.2.0/../../../../arm-cortexm0-eabi/lib/libg.a(libc_a-memset.o)
 .debug_abbrev  0x00000000       0x9e /home/mikhail/bin/arm-cortexm0-eabi/lib/gcc/arm-cortexm0-eabi/13.2.0/../../../../arm-cortexm0-eabi/lib/libg.a(libc_a-memset.o)
 .debug_loclists
                0x00000000       0x76 /home/mikhail/bin/arm-cortexm0-eabi/lib/gcc/arm-cortexm0-eabi/13.2.0/../../../../arm-cortexm0-eabi/lib/libg.a(libc_a-memset.o)
 .debug_aranges
                0x00000000       0x20 /home/mikhail/bin/arm-cortexm0-eabi/lib/gcc/arm-cortexm0-eabi/13.2.0/../../../../arm-cortexm0-eabi/lib/libg.a(libc_a-memset.o)
 .debug_line    0x00000000      0x16c /home/mikhail/bin/arm-cortexm0-eabi/lib/gcc/arm-cortexm0-eabi/13.2.0/../../../../arm-cortexm0-eabi/lib/libg.a(libc_a-memset.o)
 .debug_str     0x00000000      0x1b5 /home/mikhail/bin/arm-cortexm0-eabi/lib/gcc/arm-cortexm0-eabi/13.2.0/../../../../arm-cortexm0-eabi/lib/libg.a(libc_a-memset.o)
 .comment       0x00000000       0x37 /home/mikhail/bin/arm-cortexm0-eabi/lib/gcc/arm-cortexm0-eabi/13.2.0/../../../../arm-cortexm0-eabi/lib/libg.a(libc_a-memset.o)
 .debug_frame   0x00000000       0x20 /home/mikhail/bin/arm-cortexm0-eabi/lib/gcc/arm-cortexm0-eabi/13.2.0/../../../../arm-cortexm0-eabi/lib/libg.a(libc_a-memset.o)
 .ARM.attributes
                0x00000000       0x2c /home/mikhail/bin/arm-cortexm0-eabi/lib/gcc/arm-cortexm0-eabi/13.2.0/../../../../arm-cortexm0-eabi/lib/libg.a(libc_a-memset.o)
 .text          0x00000000       0x24 /home/mikhail/bin/arm-cortexm0-eabi/lib/gcc/arm-cortexm0-eabi/13.2.0/../../../../arm-cortexm0-eabi/lib/libg.a(libc_a-closer.o)
 .data          0x00000000        0x0 /home/mikhail/bin/arm-cortexm0-eabi/lib/gcc/arm-cortexm0-eabi/13.2.0/../../../../arm-cortexm0-eabi/lib/libg.a(libc_a-closer.o)
 .bss           0x00000000        0x0 /home/mikhail/bin/arm-cortexm0-eabi/lib/gcc/arm-cortexm0-eabi/13.2.0/../../../../arm-cortexm0-eabi/lib/libg.a(libc_a-closer.o)
 .debug_info    0x00000000      0x770 /home/mikhail/bin/arm-cortexm0-eabi/lib/gcc/arm-cortexm0-eabi/13.2.0/../../../../arm-cortexm0-eabi/lib/libg.a(libc_a-closer.o)
 .debug_abbrev  0x00000000      0x1ec /home/mikhail/bin/arm-cortexm0-eabi/lib/gcc/arm-cortexm0-eabi/13.2.0/../../../../arm-cortexm0-eabi/lib/libg.a(libc_a-closer.o)
 .debug_loclists
                0x00000000       0x4b /home/mikhail/bin/arm-cortexm0-eabi/lib/gcc/arm-cortexm0-eabi/13.2.0/../../../../arm-cortexm0-eabi/lib/libg.a(libc_a-closer.o)
 .debug_aranges
                0x00000000       0x20 /home/mikhail/bin/arm-cortexm0-eabi/lib/gcc/arm-cortexm0-eabi/13.2.0/../../../../arm-cortexm0-eabi/lib/libg.a(libc_a-closer.o)
 .debug_line    0x00000000      0x20d /home/mikhail/bin/arm-cortexm0-eabi/lib/gcc/arm-cortexm0-eabi/13.2.0/../../../../arm-cortexm0-eabi/lib/libg.a(libc_a-closer.o)
 .debug_str     0x00000000      0x4be /home/mikhail/bin/arm-cortexm0-eabi/lib/gcc/arm-cortexm0-eabi/13.2.0/../../../../arm-cortexm0-eabi/lib/libg.a(libc_a-closer.o)
 .comment       0x00000000       0x37 /home/mikhail/bin/arm-cortexm0-eabi/lib/gcc/arm-cortexm0-eabi/13.2.0/../../../../arm-cortexm0-eabi/lib/libg.a(libc_a-closer.o)
 .debug_frame   0x00000000       0x2c /home/mikhail/bin/arm-cortexm0-eabi/lib/gcc/arm-cortexm0-eabi/13.2.0/../../../../arm-cortexm0-eabi/lib/libg.a(libc_a-closer.o)
 .ARM.attributes
                0x00000000       0x2c /home/mikhail/bin/arm-cortexm0-eabi/lib/gcc/arm-cortexm0-eabi/13.2.0/../../../../arm-cortexm0-eabi/lib/libg.a(libc_a-closer.o)
 .text          0x00000000       0x60 /home/mikhail/bin/arm-cortexm0-eabi/lib/gcc/arm-cortexm0-eabi/13.2.0/../../../../arm-cortexm0-eabi/lib/libg.a(libc_a-reent.o)
 .data          0x00000000        0x0 /home/mikhail/bin/arm-cortexm0-eabi/lib/gcc/arm-cortexm0-eabi/13.2.0/../../../../arm-cortexm0-eabi/lib/libg.a(libc_a-reent.o)
 .bss           0x00000000        0x4 /home/mikhail/bin/arm-cortexm0-eabi/lib/gcc/arm-cortexm0-eabi/13.2.0/../../../../arm-cortexm0-eabi/lib/libg.a(libc_a-reent.o)
 .debug_info    0x00000000      0x7dc /home/mikhail/bin/arm-cortexm0-eabi/lib/gcc/arm-cortexm0-eabi/13.2.0/../../../../arm-cortexm0-eabi/lib/libg.a(libc_a-reent.o)
 .debug_abbrev  0x00000000      0x226 /home/mikhail/bin/arm-cortexm0-eabi/lib/gcc/arm-cortexm0-eabi/13.2.0/../../../../arm-cortexm0-eabi/lib/libg.a(libc_a-reent.o)
 .debug_loclists
                0x00000000       0x50 /home/mikhail/bin/arm-cortexm0-eabi/lib/gcc/arm-cortexm0-eabi/13.2.0/../../../../arm-cortexm0-eabi/lib/libg.a(libc_a-reent.o)
 .debug_aranges
                0x00000000       0x20 /home/mikhail/bin/arm-cortexm0-eabi/lib/gcc/arm-cortexm0-eabi/13.2.0/../../../../arm-cortexm0-eabi/lib/libg.a(libc_a-reent.o)
 .debug_rnglists
                0x00000000       0x1a /home/mikhail/bin/arm-cortexm0-eabi/lib/gcc/arm-cortexm0-eabi/13.2.0/../../../../arm-cortexm0-eabi/lib/libg.a(libc_a-reent.o)
 .debug_line    0x00000000      0x248 /home/mikhail/bin/arm-cortexm0-eabi/lib/gcc/arm-cortexm0-eabi/13.2.0/../../../../arm-cortexm0-eabi/lib/libg.a(libc_a-reent.o)
 .debug_str     0x00000000      0x4e7 /home/mikhail/bin/arm-cortexm0-eabi/lib/gcc/arm-cortexm0-eabi/13.2.0/../../../../arm-cortexm0-eabi/lib/libg.a(libc_a-reent.o)
 .comment       0x00000000       0x37 /home/mikhail/bin/arm-cortexm0-eabi/lib/gcc/arm-cortexm0-eabi/13.2.0/../../../../arm-cortexm0-eabi/lib/libg.a(libc_a-reent.o)
 .debug_frame   0x00000000       0x2c /home/mikhail/bin/arm-cortexm0-eabi/lib/gcc/arm-cortexm0-eabi/13.2.0/../../../../arm-cortexm0-eabi/lib/libg.a(libc_a-reent.o)
 .ARM.attributes
                0x00000000       0x2c /home/mikhail/bin/arm-cortexm0-eabi/lib/gcc/arm-cortexm0-eabi/13.2.0/../../../../arm-cortexm0-eabi/lib/libg.a(libc_a-reent.o)
 .text          0x00000000        0x0 /home/mikhail/bin/arm-cortexm0-eabi/lib/gcc/arm-cortexm0-eabi/13.2.0/../../../../arm-cortexm0-eabi/lib/libg.a(libc_a-impure.o)
 .data          0x00000000      0x128 /home/mikhail/bin/arm-cortexm0-eabi/lib/gcc/arm-cortexm0-eabi/13.2.0/../../../../arm-cortexm0-eabi/lib/libg.a(libc_a-impure.o)
 .bss           0x00000000        0x0 /home/mikhail/bin/arm-cortexm0-eabi/lib/gcc/arm-cortexm0-eabi/13.2.0/../../../../arm-cortexm0-eabi/lib/libg.a(libc_a-impure.o)
 .debug_info    0x00000000      0x729 /home/mikhail/bin/arm-cortexm0-eabi/lib/gcc/arm-cortexm0-eabi/13.2.0/../../../../arm-cortexm0-eabi/lib/libg.a(libc_a-impure.o)
 .debug_abbrev  0x00000000      0x185 /home/mikhail/bin/arm-cortexm0-eabi/lib/gcc/arm-cortexm0-eabi/13.2.0/../../../../arm-cortexm0-eabi/lib/libg.a(libc_a-impure.o)
 .debug_aranges
                0x00000000       0x18 /home/mikhail/bin/arm-cortexm0-eabi/lib/gcc/arm-cortexm0-eabi/13.2.0/../../../../arm-cortexm0-eabi/lib/libg.a(libc_a-impure.o)
 .debug_line    0x00000000      0x157 /home/mikhail/bin/arm-cortexm0-eabi/lib/gcc/arm-cortexm0-eabi/13.2.0/../../../../arm-cortexm0-eabi/lib/libg.a(libc_a-impure.o)
 .debug_str     0x00000000      0x4cd /home/mikhail/bin/arm-cortexm0-eabi/lib/gcc/arm-cortexm0-eabi/13.2.0/../../../../arm-cortexm0-eabi/lib/libg.a(libc_a-impure.o)
 .comment       0x00000000       0x37 /home/mikhail/bin/arm-cortexm0-eabi/lib/gcc/arm-cortexm0-eabi/13.2.0/../../../../arm-cortexm0-eabi/lib/libg.a(libc_a-impure.o)
 .ARM.attributes
                0x00000000       0x2c /home/mikhail/bin/arm-cortexm0-eabi/lib/gcc/arm-cortexm0-eabi/13.2.0/../../../../arm-cortexm0-eabi/lib/libg.a(libc_a-impure.o)
 .text          0x00000000       0x28 /home/mikhail/bin/arm-cortexm0-eabi/lib/gcc/arm-cortexm0-eabi/13.2.0/../../../../arm-cortexm0-eabi/lib/libg.a(libc_a-lseekr.o)
 .data          0x00000000        0x0 /home/mikhail/bin/arm-cortexm0-eabi/lib/gcc/arm-cortexm0-eabi/13.2.0/../../../../arm-cortexm0-eabi/lib/libg.a(libc_a-lseekr.o)
 .bss           0x00000000        0x0 /home/mikhail/bin/arm-cortexm0-eabi/lib/gcc/arm-cortexm0-eabi/13.2.0/../../../../arm-cortexm0-eabi/lib/libg.a(libc_a-lseekr.o)
 .debug_info    0x00000000      0x7bc /home/mikhail/bin/arm-cortexm0-eabi/lib/gcc/arm-cortexm0-eabi/13.2.0/../../../../arm-cortexm0-eabi/lib/libg.a(libc_a-lseekr.o)
 .debug_abbrev  0x00000000      0x200 /home/mikhail/bin/arm-cortexm0-eabi/lib/gcc/arm-cortexm0-eabi/13.2.0/../../../../arm-cortexm0-eabi/lib/libg.a(libc_a-lseekr.o)
 .debug_loclists
                0x00000000       0x90 /home/mikhail/bin/arm-cortexm0-eabi/lib/gcc/arm-cortexm0-eabi/13.2.0/../../../../arm-cortexm0-eabi/lib/libg.a(libc_a-lseekr.o)
 .debug_aranges
                0x00000000       0x20 /home/mikhail/bin/arm-cortexm0-eabi/lib/gcc/arm-cortexm0-eabi/13.2.0/../../../../arm-cortexm0-eabi/lib/libg.a(libc_a-lseekr.o)
 .debug_line    0x00000000      0x208 /home/mikhail/bin/arm-cortexm0-eabi/lib/gcc/arm-cortexm0-eabi/13.2.0/../../../../arm-cortexm0-eabi/lib/libg.a(libc_a-lseekr.o)
 .debug_str     0x00000000      0x4cc /home/mikhail/bin/arm-cortexm0-eabi/lib/gcc/arm-cortexm0-eabi/13.2.0/../../../../arm-cortexm0-eabi/lib/libg.a(libc_a-lseekr.o)
 .comment       0x00000000       0x37 /home/mikhail/bin/arm-cortexm0-eabi/lib/gcc/arm-cortexm0-eabi/13.2.0/../../../../arm-cortexm0-eabi/lib/libg.a(libc_a-lseekr.o)
 .debug_frame   0x00000000       0x2c /home/mikhail/bin/arm-cortexm0-eabi/lib/gcc/arm-cortexm0-eabi/13.2.0/../../../../arm-cortexm0-eabi/lib/libg.a(libc_a-lseekr.o)
 .ARM.attributes
                0x00000000       0x2c /home/mikhail/bin/arm-cortexm0-eabi/lib/gcc/arm-cortexm0-eabi/13.2.0/../../../../arm-cortexm0-eabi/lib/libg.a(libc_a-lseekr.o)
 .text          0x00000000       0x28 /home/mikhail/bin/arm-cortexm0-eabi/lib/gcc/arm-cortexm0-eabi/13.2.0/../../../../arm-cortexm0-eabi/lib/libg.a(libc_a-readr.o)
 .data          0x00000000        0x0 /home/mikhail/bin/arm-cortexm0-eabi/lib/gcc/arm-cortexm0-eabi/13.2.0/../../../../arm-cortexm0-eabi/lib/libg.a(libc_a-readr.o)
 .bss           0x00000000        0x0 /home/mikhail/bin/arm-cortexm0-eabi/lib/gcc/arm-cortexm0-eabi/13.2.0/../../../../arm-cortexm0-eabi/lib/libg.a(libc_a-readr.o)
 .debug_info    0x00000000      0x7d3 /home/mikhail/bin/arm-cortexm0-eabi/lib/gcc/arm-cortexm0-eabi/13.2.0/../../../../arm-cortexm0-eabi/lib/libg.a(libc_a-readr.o)
 .debug_abbrev  0x00000000      0x1ec /home/mikhail/bin/arm-cortexm0-eabi/lib/gcc/arm-cortexm0-eabi/13.2.0/../../../../arm-cortexm0-eabi/lib/libg.a(libc_a-readr.o)
 .debug_loclists
                0x00000000       0x90 /home/mikhail/bin/arm-cortexm0-eabi/lib/gcc/arm-cortexm0-eabi/13.2.0/../../../../arm-cortexm0-eabi/lib/libg.a(libc_a-readr.o)
 .debug_aranges
                0x00000000       0x20 /home/mikhail/bin/arm-cortexm0-eabi/lib/gcc/arm-cortexm0-eabi/13.2.0/../../../../arm-cortexm0-eabi/lib/libg.a(libc_a-readr.o)
 .debug_line    0x00000000      0x207 /home/mikhail/bin/arm-cortexm0-eabi/lib/gcc/arm-cortexm0-eabi/13.2.0/../../../../arm-cortexm0-eabi/lib/libg.a(libc_a-readr.o)
 .debug_str     0x00000000      0x4cc /home/mikhail/bin/arm-cortexm0-eabi/lib/gcc/arm-cortexm0-eabi/13.2.0/../../../../arm-cortexm0-eabi/lib/libg.a(libc_a-readr.o)
 .comment       0x00000000       0x37 /home/mikhail/bin/arm-cortexm0-eabi/lib/gcc/arm-cortexm0-eabi/13.2.0/../../../../arm-cortexm0-eabi/lib/libg.a(libc_a-readr.o)
 .debug_frame   0x00000000       0x2c /home/mikhail/bin/arm-cortexm0-eabi/lib/gcc/arm-cortexm0-eabi/13.2.0/../../../../arm-cortexm0-eabi/lib/libg.a(libc_a-readr.o)
 .ARM.attributes
                0x00000000       0x2c /home/mikhail/bin/arm-cortexm0-eabi/lib/gcc/arm-cortexm0-eabi/13.2.0/../../../../arm-cortexm0-eabi/lib/libg.a(libc_a-readr.o)
 .text          0x00000000       0x28 /home/mikhail/bin/arm-cortexm0-eabi/lib/gcc/arm-cortexm0-eabi/13.2.0/../../../../arm-cortexm0-eabi/lib/libg.a(libc_a-writer.o)
 .data          0x00000000        0x0 /home/mikhail/bin/arm-cortexm0-eabi/lib/gcc/arm-cortexm0-eabi/13.2.0/../../../../arm-cortexm0-eabi/lib/libg.a(libc_a-writer.o)
 .bss           0x00000000        0x0 /home/mikhail/bin/arm-cortexm0-eabi/lib/gcc/arm-cortexm0-eabi/13.2.0/../../../../arm-cortexm0-eabi/lib/libg.a(libc_a-writer.o)
 .debug_info    0x00000000      0x7d9 /home/mikhail/bin/arm-cortexm0-eabi/lib/gcc/arm-cortexm0-eabi/13.2.0/../../../../arm-cortexm0-eabi/lib/libg.a(libc_a-writer.o)
 .debug_abbrev  0x00000000      0x1f1 /home/mikhail/bin/arm-cortexm0-eabi/lib/gcc/arm-cortexm0-eabi/13.2.0/../../../../arm-cortexm0-eabi/lib/libg.a(libc_a-writer.o)
 .debug_loclists
                0x00000000       0x90 /home/mikhail/bin/arm-cortexm0-eabi/lib/gcc/arm-cortexm0-eabi/13.2.0/../../../../arm-cortexm0-eabi/lib/libg.a(libc_a-writer.o)
 .debug_aranges
                0x00000000       0x20 /home/mikhail/bin/arm-cortexm0-eabi/lib/gcc/arm-cortexm0-eabi/13.2.0/../../../../arm-cortexm0-eabi/lib/libg.a(libc_a-writer.o)
 .debug_line    0x00000000      0x208 /home/mikhail/bin/arm-cortexm0-eabi/lib/gcc/arm-cortexm0-eabi/13.2.0/../../../../arm-cortexm0-eabi/lib/libg.a(libc_a-writer.o)
 .debug_str     0x00000000      0x4ce /home/mikhail/bin/arm-cortexm0-eabi/lib/gcc/arm-cortexm0-eabi/13.2.0/../../../../arm-cortexm0-eabi/lib/libg.a(libc_a-writer.o)
 .comment       0x00000000       0x37 /home/mikhail/bin/arm-cortexm0-eabi/lib/gcc/arm-cortexm0-eabi/13.2.0/../../../../arm-cortexm0-eabi/lib/libg.a(libc_a-writer.o)
 .debug_frame   0x00000000       0x2c /home/mikhail/bin/arm-cortexm0-eabi/lib/gcc/arm-cortexm0-eabi/13.2.0/../../../../arm-cortexm0-eabi/lib/libg.a(libc_a-writer.o)
 .ARM.attributes
                0x00000000       0x2c /home/mikhail/bin/arm-cortexm0-eabi/lib/gcc/arm-cortexm0-eabi/13.2.0/../../../../arm-cortexm0-eabi/lib/libg.a(libc_a-writer.o)
 .data          0x00000000        0x0 /home/mikhail/bin/arm-cortexm0-eabi/lib/gcc/arm-cortexm0-eabi/13.2.0/../../../../arm-cortexm0-eabi/lib/libg.a(libc_a-init.o)
 .bss           0x00000000        0x0 /home/mikhail/bin/arm-cortexm0-eabi/lib/gcc/arm-cortexm0-eabi/13.2.0/../../../../arm-cortexm0-eabi/lib/libg.a(libc_a-init.o)
 .text          0x00000000       0x28 /home/mikhail/bin/arm-cortexm0-eabi/lib/gcc/arm-cortexm0-eabi/13.2.0/../../../../arm-cortexm0-eabi/lib/libg.a(libc_a-fini.o)
 .data          0x00000000        0x0 /home/mikhail/bin/arm-cortexm0-eabi/lib/gcc/arm-cortexm0-eabi/13.2.0/../../../../arm-cortexm0-eabi/lib/libg.a(libc_a-fini.o)
 .bss           0x00000000        0x0 /home/mikhail/bin/arm-cortexm0-eabi/lib/gcc/arm-cortexm0-eabi/13.2.0/../../../../arm-cortexm0-eabi/lib/libg.a(libc_a-fini.o)
 .debug_info    0x00000000       0xf7 /home/mikhail/bin/arm-cortexm0-eabi/lib/gcc/arm-cortexm0-eabi/13.2.0/../../../../arm-cortexm0-eabi/lib/libg.a(libc_a-fini.o)
 .debug_abbrev  0x00000000       0xc9 /home/mikhail/bin/arm-cortexm0-eabi/lib/gcc/arm-cortexm0-eabi/13.2.0/../../../../arm-cortexm0-eabi/lib/libg.a(libc_a-fini.o)
 .debug_loclists
                0x00000000       0x33 /home/mikhail/bin/arm-cortexm0-eabi/lib/gcc/arm-cortexm0-eabi/13.2.0/../../../../arm-cortexm0-eabi/lib/libg.a(libc_a-fini.o)
 .debug_aranges
                0x00000000       0x20 /home/mikhail/bin/arm-cortexm0-eabi/lib/gcc/arm-cortexm0-eabi/13.2.0/../../../../arm-cortexm0-eabi/lib/libg.a(libc_a-fini.o)
 .debug_line    0x00000000      0x134 /home/mikhail/bin/arm-cortexm0-eabi/lib/gcc/arm-cortexm0-eabi/13.2.0/../../../../arm-cortexm0-eabi/lib/libg.a(libc_a-fini.o)
 .debug_str     0x00000000      0x1ec /home/mikhail/bin/arm-cortexm0-eabi/lib/gcc/arm-cortexm0-eabi/13.2.0/../../../../arm-cortexm0-eabi/lib/libg.a(libc_a-fini.o)
 .comment       0x00000000       0x37 /home/mikhail/bin/arm-cortexm0-eabi/lib/gcc/arm-cortexm0-eabi/13.2.0/../../../../arm-cortexm0-eabi/lib/libg.a(libc_a-fini.o)
 .debug_frame   0x00000000       0x2c /home/mikhail/bin/arm-cortexm0-eabi/lib/gcc/arm-cortexm0-eabi/13.2.0/../../../../arm-cortexm0-eabi/lib/libg.a(libc_a-fini.o)
 .ARM.attributes
                0x00000000       0x2c /home/mikhail/bin/arm-cortexm0-eabi/lib/gcc/arm-cortexm0-eabi/13.2.0/../../../../arm-cortexm0-eabi/lib/libg.a(libc_a-fini.o)
 .text          0x00000000      0x504 /home/mikhail/bin/arm-cortexm0-eabi/lib/gcc/arm-cortexm0-eabi/13.2.0/../../../../arm-cortexm0-eabi/lib/libg.a(libc_a-syscalls.o)
 .data          0x00000000        0x4 /home/mikhail/bin/arm-cortexm0-eabi/lib/gcc/arm-cortexm0-eabi/13.2.0/../../../../arm-cortexm0-eabi/lib/libg.a(libc_a-syscalls.o)
 .bss           0x00000000       0xb0 /home/mikhail/bin/arm-cortexm0-eabi/lib/gcc/arm-cortexm0-eabi/13.2.0/../../../../arm-cortexm0-eabi/lib/libg.a(libc_a-syscalls.o)
 .rodata.str1.1
                0x00000000        0x4 /home/mikhail/bin/arm-cortexm0-eabi/lib/gcc/arm-cortexm0-eabi/13.2.0/../../../../arm-cortexm0-eabi/lib/libg.a(libc_a-syscalls.o)
 .debug_info    0x00000000     0x1dac /home/mikhail/bin/arm-cortexm0-eabi/lib/gcc/arm-cortexm0-eabi/13.2.0/../../../../arm-cortexm0-eabi/lib/libg.a(libc_a-syscalls.o)
 .debug_abbrev  0x00000000      0x5e3 /home/mikhail/bin/arm-cortexm0-eabi/lib/gcc/arm-cortexm0-eabi/13.2.0/../../../../arm-cortexm0-eabi/lib/libg.a(libc_a-syscalls.o)
 .debug_loclists
                0x00000000      0xb10 /home/mikhail/bin/arm-cortexm0-eabi/lib/gcc/arm-cortexm0-eabi/13.2.0/../../../../arm-cortexm0-eabi/lib/libg.a(libc_a-syscalls.o)
 .debug_aranges
                0x00000000       0x20 /home/mikhail/bin/arm-cortexm0-eabi/lib/gcc/arm-cortexm0-eabi/13.2.0/../../../../arm-cortexm0-eabi/lib/libg.a(libc_a-syscalls.o)
 .debug_rnglists
                0x00000000       0x97 /home/mikhail/bin/arm-cortexm0-eabi/lib/gcc/arm-cortexm0-eabi/13.2.0/../../../../arm-cortexm0-eabi/lib/libg.a(libc_a-syscalls.o)
 .debug_line    0x00000000      0xcc4 /home/mikhail/bin/arm-cortexm0-eabi/lib/gcc/arm-cortexm0-eabi/13.2.0/../../../../arm-cortexm0-eabi/lib/libg.a(libc_a-syscalls.o)
 .debug_str     0x00000000      0x8be /home/mikhail/bin/arm-cortexm0-eabi/lib/gcc/arm-cortexm0-eabi/13.2.0/../../../../arm-cortexm0-eabi/lib/libg.a(libc_a-syscalls.o)
 .comment       0x00000000       0x37 /home/mikhail/bin/arm-cortexm0-eabi/lib/gcc/arm-cortexm0-eabi/13.2.0/../../../../arm-cortexm0-eabi/lib/libg.a(libc_a-syscalls.o)
 .debug_frame   0x00000000      0x334 /home/mikhail/bin/arm-cortexm0-eabi/lib/gcc/arm-cortexm0-eabi/13.2.0/../../../../arm-cortexm0-eabi/lib/libg.a(libc_a-syscalls.o)
 .ARM.attributes
                0x00000000       0x2c /home/mikhail/bin/arm-cortexm0-eabi/lib/gcc/arm-cortexm0-eabi/13.2.0/../../../../arm-cortexm0-eabi/lib/libg.a(libc_a-syscalls.o)
 .text          0x00000000        0xe /home/mikhail/bin/arm-cortexm0-eabi/lib/gcc/arm-cortexm0-eabi/13.2.0/../../../../arm-cortexm0-eabi/lib/libg.a(libc_a-strlen.o)
 .data          0x00000000        0x0 /home/mikhail/bin/arm-cortexm0-eabi/lib/gcc/arm-cortexm0-eabi/13.2.0/../../../../arm-cortexm0-eabi/lib/libg.a(libc_a-strlen.o)
 .bss           0x00000000        0x0 /home/mikhail/bin/arm-cortexm0-eabi/lib/gcc/arm-cortexm0-eabi/13.2.0/../../../../arm-cortexm0-eabi/lib/libg.a(libc_a-strlen.o)
 .debug_line    0x00000000       0x4f /home/mikhail/bin/arm-cortexm0-eabi/lib/gcc/arm-cortexm0-eabi/13.2.0/../../../../arm-cortexm0-eabi/lib/libg.a(libc_a-strlen.o)
 .debug_line_str
                0x00000000       0xc0 /home/mikhail/bin/arm-cortexm0-eabi/lib/gcc/arm-cortexm0-eabi/13.2.0/../../../../arm-cortexm0-eabi/lib/libg.a(libc_a-strlen.o)
 .debug_info    0x00000000       0x31 /home/mikhail/bin/arm-cortexm0-eabi/lib/gcc/arm-cortexm0-eabi/13.2.0/../../../../arm-cortexm0-eabi/lib/libg.a(libc_a-strlen.o)
 .debug_abbrev  0x00000000       0x28 /home/mikhail/bin/arm-cortexm0-eabi/lib/gcc/arm-cortexm0-eabi/13.2.0/../../../../arm-cortexm0-eabi/lib/libg.a(libc_a-strlen.o)
 .debug_aranges
                0x00000000       0x20 /home/mikhail/bin/arm-cortexm0-eabi/lib/gcc/arm-cortexm0-eabi/13.2.0/../../../../arm-cortexm0-eabi/lib/libg.a(libc_a-strlen.o)
 .debug_str     0x00000000       0xd3 /home/mikhail/bin/arm-cortexm0-eabi/lib/gcc/arm-cortexm0-eabi/13.2.0/../../../../arm-cortexm0-eabi/lib/libg.a(libc_a-strlen.o)
 .ARM.attributes
                0x00000000       0x1c /home/mikhail/bin/arm-cortexm0-eabi/lib/gcc/arm-cortexm0-eabi/13.2.0/../../../../arm-cortexm0-eabi/lib/libg.a(libc_a-strlen.o)
 .text          0x00000000       0x60 /home/mikhail/bin/arm-cortexm0-eabi/lib/gcc/arm-cortexm0-eabi/13.2.0/../../../../arm-cortexm0-eabi/lib/libg.a(libc_a-__atexit.o)
 .data          0x00000000        0x0 /home/mikhail/bin/arm-cortexm0-eabi/lib/gcc/arm-cortexm0-eabi/13.2.0/../../../../arm-cortexm0-eabi/lib/libg.a(libc_a-__atexit.o)
 .bss           0x00000000      0x190 /home/mikhail/bin/arm-cortexm0-eabi/lib/gcc/arm-cortexm0-eabi/13.2.0/../../../../arm-cortexm0-eabi/lib/libg.a(libc_a-__atexit.o)
 .debug_info    0x00000000      0x1fd /home/mikhail/bin/arm-cortexm0-eabi/lib/gcc/arm-cortexm0-eabi/13.2.0/../../../../arm-cortexm0-eabi/lib/libg.a(libc_a-__atexit.o)
 .debug_abbrev  0x00000000      0x157 /home/mikhail/bin/arm-cortexm0-eabi/lib/gcc/arm-cortexm0-eabi/13.2.0/../../../../arm-cortexm0-eabi/lib/libg.a(libc_a-__atexit.o)
 .debug_loclists
                0x00000000       0xb0 /home/mikhail/bin/arm-cortexm0-eabi/lib/gcc/arm-cortexm0-eabi/13.2.0/../../../../arm-cortexm0-eabi/lib/libg.a(libc_a-__atexit.o)
 .debug_aranges
                0x00000000       0x20 /home/mikhail/bin/arm-cortexm0-eabi/lib/gcc/arm-cortexm0-eabi/13.2.0/../../../../arm-cortexm0-eabi/lib/libg.a(libc_a-__atexit.o)
 .debug_line    0x00000000      0x18c /home/mikhail/bin/arm-cortexm0-eabi/lib/gcc/arm-cortexm0-eabi/13.2.0/../../../../arm-cortexm0-eabi/lib/libg.a(libc_a-__atexit.o)
 .debug_str     0x00000000      0x25d /home/mikhail/bin/arm-cortexm0-eabi/lib/gcc/arm-cortexm0-eabi/13.2.0/../../../../arm-cortexm0-eabi/lib/libg.a(libc_a-__atexit.o)
 .comment       0x00000000       0x37 /home/mikhail/bin/arm-cortexm0-eabi/lib/gcc/arm-cortexm0-eabi/13.2.0/../../../../arm-cortexm0-eabi/lib/libg.a(libc_a-__atexit.o)
 .debug_frame   0x00000000       0x34 /home/mikhail/bin/arm-cortexm0-eabi/lib/gcc/arm-cortexm0-eabi/13.2.0/../../../../arm-cortexm0-eabi/lib/libg.a(libc_a-__atexit.o)
 .ARM.attributes
                0x00000000       0x2c /home/mikhail/bin/arm-cortexm0-eabi/lib/gcc/arm-cortexm0-eabi/13.2.0/../../../../arm-cortexm0-eabi/lib/libg.a(libc_a-__atexit.o)
 .text          0x00000000       0x8c /home/mikhail/bin/arm-cortexm0-eabi/lib/gcc/arm-cortexm0-eabi/13.2.0/../../../../arm-cortexm0-eabi/lib/libg.a(libc_a-__call_atexit.o)
 .data          0x00000000        0x0 /home/mikhail/bin/arm-cortexm0-eabi/lib/gcc/arm-cortexm0-eabi/13.2.0/../../../../arm-cortexm0-eabi/lib/libg.a(libc_a-__call_atexit.o)
 .bss           0x00000000        0x4 /home/mikhail/bin/arm-cortexm0-eabi/lib/gcc/arm-cortexm0-eabi/13.2.0/../../../../arm-cortexm0-eabi/lib/libg.a(libc_a-__call_atexit.o)
 .debug_info    0x00000000      0x232 /home/mikhail/bin/arm-cortexm0-eabi/lib/gcc/arm-cortexm0-eabi/13.2.0/../../../../arm-cortexm0-eabi/lib/libg.a(libc_a-__call_atexit.o)
 .debug_abbrev  0x00000000      0x16a /home/mikhail/bin/arm-cortexm0-eabi/lib/gcc/arm-cortexm0-eabi/13.2.0/../../../../arm-cortexm0-eabi/lib/libg.a(libc_a-__call_atexit.o)
 .debug_loclists
                0x00000000       0xce /home/mikhail/bin/arm-cortexm0-eabi/lib/gcc/arm-cortexm0-eabi/13.2.0/../../../../arm-cortexm0-eabi/lib/libg.a(libc_a-__call_atexit.o)
 .debug_aranges
                0x00000000       0x20 /home/mikhail/bin/arm-cortexm0-eabi/lib/gcc/arm-cortexm0-eabi/13.2.0/../../../../arm-cortexm0-eabi/lib/libg.a(libc_a-__call_atexit.o)
 .debug_rnglists
                0x00000000       0x14 /home/mikhail/bin/arm-cortexm0-eabi/lib/gcc/arm-cortexm0-eabi/13.2.0/../../../../arm-cortexm0-eabi/lib/libg.a(libc_a-__call_atexit.o)
 .debug_line    0x00000000      0x1fa /home/mikhail/bin/arm-cortexm0-eabi/lib/gcc/arm-cortexm0-eabi/13.2.0/../../../../arm-cortexm0-eabi/lib/libg.a(libc_a-__call_atexit.o)
 .debug_str     0x00000000      0x24c /home/mikhail/bin/arm-cortexm0-eabi/lib/gcc/arm-cortexm0-eabi/13.2.0/../../../../arm-cortexm0-eabi/lib/libg.a(libc_a-__call_atexit.o)
 .comment       0x00000000       0x37 /home/mikhail/bin/arm-cortexm0-eabi/lib/gcc/arm-cortexm0-eabi/13.2.0/../../../../arm-cortexm0-eabi/lib/libg.a(libc_a-__call_atexit.o)
 .debug_frame   0x00000000       0x34 /home/mikhail/bin/arm-cortexm0-eabi/lib/gcc/arm-cortexm0-eabi/13.2.0/../../../../arm-cortexm0-eabi/lib/libg.a(libc_a-__call_atexit.o)
 .ARM.attributes
                0x00000000       0x2c /home/mikhail/bin/arm-cortexm0-eabi/lib/gcc/arm-cortexm0-eabi/13.2.0/../../../../arm-cortexm0-eabi/lib/libg.a(libc_a-__call_atexit.o)
 .text          0x00000000      0x210 /home/mikhail/bin/arm-cortexm0-eabi/lib/gcc/arm-cortexm0-eabi/13.2.0/../../../../arm-cortexm0-eabi/lib/libg.a(libc_a-freer.o)
 .data          0x00000000        0x0 /home/mikhail/bin/arm-cortexm0-eabi/lib/gcc/arm-cortexm0-eabi/13.2.0/../../../../arm-cortexm0-eabi/lib/libg.a(libc_a-freer.o)
 .bss           0x00000000        0x0 /home/mikhail/bin/arm-cortexm0-eabi/lib/gcc/arm-cortexm0-eabi/13.2.0/../../../../arm-cortexm0-eabi/lib/libg.a(libc_a-freer.o)
 .debug_info    0x00000000      0xb4c /home/mikhail/bin/arm-cortexm0-eabi/lib/gcc/arm-cortexm0-eabi/13.2.0/../../../../arm-cortexm0-eabi/lib/libg.a(libc_a-freer.o)
 .debug_abbrev  0x00000000      0x289 /home/mikhail/bin/arm-cortexm0-eabi/lib/gcc/arm-cortexm0-eabi/13.2.0/../../../../arm-cortexm0-eabi/lib/libg.a(libc_a-freer.o)
 .debug_loclists
                0x00000000      0x32f /home/mikhail/bin/arm-cortexm0-eabi/lib/gcc/arm-cortexm0-eabi/13.2.0/../../../../arm-cortexm0-eabi/lib/libg.a(libc_a-freer.o)
 .debug_aranges
                0x00000000       0x20 /home/mikhail/bin/arm-cortexm0-eabi/lib/gcc/arm-cortexm0-eabi/13.2.0/../../../../arm-cortexm0-eabi/lib/libg.a(libc_a-freer.o)
 .debug_line    0x00000000      0x4e0 /home/mikhail/bin/arm-cortexm0-eabi/lib/gcc/arm-cortexm0-eabi/13.2.0/../../../../arm-cortexm0-eabi/lib/libg.a(libc_a-freer.o)
 .debug_str     0x00000000      0x646 /home/mikhail/bin/arm-cortexm0-eabi/lib/gcc/arm-cortexm0-eabi/13.2.0/../../../../arm-cortexm0-eabi/lib/libg.a(libc_a-freer.o)
 .comment       0x00000000       0x37 /home/mikhail/bin/arm-cortexm0-eabi/lib/gcc/arm-cortexm0-eabi/13.2.0/../../../../arm-cortexm0-eabi/lib/libg.a(libc_a-freer.o)
 .debug_frame   0x00000000       0x58 /home/mikhail/bin/arm-cortexm0-eabi/lib/gcc/arm-cortexm0-eabi/13.2.0/../../../../arm-cortexm0-eabi/lib/libg.a(libc_a-freer.o)
 .ARM.attributes
                0x00000000       0x2c /home/mikhail/bin/arm-cortexm0-eabi/lib/gcc/arm-cortexm0-eabi/13.2.0/../../../../arm-cortexm0-eabi/lib/libg.a(libc_a-freer.o)
 .text          0x00000000      0x410 /home/mikhail/bin/arm-cortexm0-eabi/lib/gcc/arm-cortexm0-eabi/13.2.0/../../../../arm-cortexm0-eabi/lib/libg.a(libc_a-mallocr.o)
 .data          0x00000000      0x410 /home/mikhail/bin/arm-cortexm0-eabi/lib/gcc/arm-cortexm0-eabi/13.2.0/../../../../arm-cortexm0-eabi/lib/libg.a(libc_a-mallocr.o)
 .bss           0x00000000       0x34 /home/mikhail/bin/arm-cortexm0-eabi/lib/gcc/arm-cortexm0-eabi/13.2.0/../../../../arm-cortexm0-eabi/lib/libg.a(libc_a-mallocr.o)
 .debug_info    0x00000000      0xc65 /home/mikhail/bin/arm-cortexm0-eabi/lib/gcc/arm-cortexm0-eabi/13.2.0/../../../../arm-cortexm0-eabi/lib/libg.a(libc_a-mallocr.o)
 .debug_abbrev  0x00000000      0x2c7 /home/mikhail/bin/arm-cortexm0-eabi/lib/gcc/arm-cortexm0-eabi/13.2.0/../../../../arm-cortexm0-eabi/lib/libg.a(libc_a-mallocr.o)
 .debug_loclists
                0x00000000      0x66b /home/mikhail/bin/arm-cortexm0-eabi/lib/gcc/arm-cortexm0-eabi/13.2.0/../../../../arm-cortexm0-eabi/lib/libg.a(libc_a-mallocr.o)
 .debug_aranges
                0x00000000       0x20 /home/mikhail/bin/arm-cortexm0-eabi/lib/gcc/arm-cortexm0-eabi/13.2.0/../../../../arm-cortexm0-eabi/lib/libg.a(libc_a-mallocr.o)
 .debug_rnglists
                0x00000000       0x1c /home/mikhail/bin/arm-cortexm0-eabi/lib/gcc/arm-cortexm0-eabi/13.2.0/../../../../arm-cortexm0-eabi/lib/libg.a(libc_a-mallocr.o)
 .debug_line    0x00000000      0x81d /home/mikhail/bin/arm-cortexm0-eabi/lib/gcc/arm-cortexm0-eabi/13.2.0/../../../../arm-cortexm0-eabi/lib/libg.a(libc_a-mallocr.o)
 .debug_str     0x00000000      0x6f0 /home/mikhail/bin/arm-cortexm0-eabi/lib/gcc/arm-cortexm0-eabi/13.2.0/../../../../arm-cortexm0-eabi/lib/libg.a(libc_a-mallocr.o)
 .comment       0x00000000       0x37 /home/mikhail/bin/arm-cortexm0-eabi/lib/gcc/arm-cortexm0-eabi/13.2.0/../../../../arm-cortexm0-eabi/lib/libg.a(libc_a-mallocr.o)
 .debug_frame   0x00000000       0x30 /home/mikhail/bin/arm-cortexm0-eabi/lib/gcc/arm-cortexm0-eabi/13.2.0/../../../../arm-cortexm0-eabi/lib/libg.a(libc_a-mallocr.o)
 .ARM.attributes
                0x00000000       0x2c /home/mikhail/bin/arm-cortexm0-eabi/lib/gcc/arm-cortexm0-eabi/13.2.0/../../../../arm-cortexm0-eabi/lib/libg.a(libc_a-mallocr.o)
 .text          0x00000000        0x4 /home/mikhail/bin/arm-cortexm0-eabi/lib/gcc/arm-cortexm0-eabi/13.2.0/../../../../arm-cortexm0-eabi/lib/libg.a(libc_a-mlock.o)
 .data          0x00000000        0x0 /home/mikhail/bin/arm-cortexm0-eabi/lib/gcc/arm-cortexm0-eabi/13.2.0/../../../../arm-cortexm0-eabi/lib/libg.a(libc_a-mlock.o)
 .bss           0x00000000        0x0 /home/mikhail/bin/arm-cortexm0-eabi/lib/gcc/arm-cortexm0-eabi/13.2.0/../../../../arm-cortexm0-eabi/lib/libg.a(libc_a-mlock.o)
 .debug_info    0x00000000      0x73a /home/mikhail/bin/arm-cortexm0-eabi/lib/gcc/arm-cortexm0-eabi/13.2.0/../../../../arm-cortexm0-eabi/lib/libg.a(libc_a-mlock.o)
 .debug_abbrev  0x00000000      0x1ce /home/mikhail/bin/arm-cortexm0-eabi/lib/gcc/arm-cortexm0-eabi/13.2.0/../../../../arm-cortexm0-eabi/lib/libg.a(libc_a-mlock.o)
 .debug_aranges
                0x00000000       0x20 /home/mikhail/bin/arm-cortexm0-eabi/lib/gcc/arm-cortexm0-eabi/13.2.0/../../../../arm-cortexm0-eabi/lib/libg.a(libc_a-mlock.o)
 .debug_line    0x00000000      0x1d0 /home/mikhail/bin/arm-cortexm0-eabi/lib/gcc/arm-cortexm0-eabi/13.2.0/../../../../arm-cortexm0-eabi/lib/libg.a(libc_a-mlock.o)
 .debug_str     0x00000000      0x4e6 /home/mikhail/bin/arm-cortexm0-eabi/lib/gcc/arm-cortexm0-eabi/13.2.0/../../../../arm-cortexm0-eabi/lib/libg.a(libc_a-mlock.o)
 .comment       0x00000000       0x37 /home/mikhail/bin/arm-cortexm0-eabi/lib/gcc/arm-cortexm0-eabi/13.2.0/../../../../arm-cortexm0-eabi/lib/libg.a(libc_a-mlock.o)
 .debug_frame   0x00000000       0x30 /home/mikhail/bin/arm-cortexm0-eabi/lib/gcc/arm-cortexm0-eabi/13.2.0/../../../../arm-cortexm0-eabi/lib/libg.a(libc_a-mlock.o)
 .ARM.attributes
                0x00000000       0x2c /home/mikhail/bin/arm-cortexm0-eabi/lib/gcc/arm-cortexm0-eabi/13.2.0/../../../../arm-cortexm0-eabi/lib/libg.a(libc_a-mlock.o)
 .text          0x00000000       0x98 /home/mikhail/bin/arm-cortexm0-eabi/lib/gcc/arm-cortexm0-eabi/13.2.0/../../../../arm-cortexm0-eabi/lib/libg.a(libc_a-fclose.o)
 .data          0x00000000        0x0 /home/mikhail/bin/arm-cortexm0-eabi/lib/gcc/arm-cortexm0-eabi/13.2.0/../../../../arm-cortexm0-eabi/lib/libg.a(libc_a-fclose.o)
 .bss           0x00000000        0x0 /home/mikhail/bin/arm-cortexm0-eabi/lib/gcc/arm-cortexm0-eabi/13.2.0/../../../../arm-cortexm0-eabi/lib/libg.a(libc_a-fclose.o)
 .debug_info    0x00000000      0x8f3 /home/mikhail/bin/arm-cortexm0-eabi/lib/gcc/arm-cortexm0-eabi/13.2.0/../../../../arm-cortexm0-eabi/lib/libg.a(libc_a-fclose.o)
 .debug_abbrev  0x00000000      0x2de /home/mikhail/bin/arm-cortexm0-eabi/lib/gcc/arm-cortexm0-eabi/13.2.0/../../../../arm-cortexm0-eabi/lib/libg.a(libc_a-fclose.o)
 .debug_loclists
                0x00000000       0xc6 /home/mikhail/bin/arm-cortexm0-eabi/lib/gcc/arm-cortexm0-eabi/13.2.0/../../../../arm-cortexm0-eabi/lib/libg.a(libc_a-fclose.o)
 .debug_aranges
                0x00000000       0x20 /home/mikhail/bin/arm-cortexm0-eabi/lib/gcc/arm-cortexm0-eabi/13.2.0/../../../../arm-cortexm0-eabi/lib/libg.a(libc_a-fclose.o)
 .debug_line    0x00000000      0x2c4 /home/mikhail/bin/arm-cortexm0-eabi/lib/gcc/arm-cortexm0-eabi/13.2.0/../../../../arm-cortexm0-eabi/lib/libg.a(libc_a-fclose.o)
 .debug_str     0x00000000      0x527 /home/mikhail/bin/arm-cortexm0-eabi/lib/gcc/arm-cortexm0-eabi/13.2.0/../../../../arm-cortexm0-eabi/lib/libg.a(libc_a-fclose.o)
 .comment       0x00000000       0x37 /home/mikhail/bin/arm-cortexm0-eabi/lib/gcc/arm-cortexm0-eabi/13.2.0/../../../../arm-cortexm0-eabi/lib/libg.a(libc_a-fclose.o)
 .debug_frame   0x00000000       0x44 /home/mikhail/bin/arm-cortexm0-eabi/lib/gcc/arm-cortexm0-eabi/13.2.0/../../../../arm-cortexm0-eabi/lib/libg.a(libc_a-fclose.o)
 .ARM.attributes
                0x00000000       0x2c /home/mikhail/bin/arm-cortexm0-eabi/lib/gcc/arm-cortexm0-eabi/13.2.0/../../../../arm-cortexm0-eabi/lib/libg.a(libc_a-fclose.o)
 .text          0x00000000      0x178 /home/mikhail/bin/arm-cortexm0-eabi/lib/gcc/arm-cortexm0-eabi/13.2.0/../../../../arm-cortexm0-eabi/lib/libg.a(libc_a-fflush.o)
 .data          0x00000000        0x0 /home/mikhail/bin/arm-cortexm0-eabi/lib/gcc/arm-cortexm0-eabi/13.2.0/../../../../arm-cortexm0-eabi/lib/libg.a(libc_a-fflush.o)
 .bss           0x00000000        0x0 /home/mikhail/bin/arm-cortexm0-eabi/lib/gcc/arm-cortexm0-eabi/13.2.0/../../../../arm-cortexm0-eabi/lib/libg.a(libc_a-fflush.o)
 .debug_info    0x00000000      0x9c7 /home/mikhail/bin/arm-cortexm0-eabi/lib/gcc/arm-cortexm0-eabi/13.2.0/../../../../arm-cortexm0-eabi/lib/libg.a(libc_a-fflush.o)
 .debug_abbrev  0x00000000      0x2cb /home/mikhail/bin/arm-cortexm0-eabi/lib/gcc/arm-cortexm0-eabi/13.2.0/../../../../arm-cortexm0-eabi/lib/libg.a(libc_a-fflush.o)
 .debug_loclists
                0x00000000      0x1de /home/mikhail/bin/arm-cortexm0-eabi/lib/gcc/arm-cortexm0-eabi/13.2.0/../../../../arm-cortexm0-eabi/lib/libg.a(libc_a-fflush.o)
 .debug_aranges
                0x00000000       0x20 /home/mikhail/bin/arm-cortexm0-eabi/lib/gcc/arm-cortexm0-eabi/13.2.0/../../../../arm-cortexm0-eabi/lib/libg.a(libc_a-fflush.o)
 .debug_rnglists
                0x00000000       0x2c /home/mikhail/bin/arm-cortexm0-eabi/lib/gcc/arm-cortexm0-eabi/13.2.0/../../../../arm-cortexm0-eabi/lib/libg.a(libc_a-fflush.o)
 .debug_line    0x00000000      0x41d /home/mikhail/bin/arm-cortexm0-eabi/lib/gcc/arm-cortexm0-eabi/13.2.0/../../../../arm-cortexm0-eabi/lib/libg.a(libc_a-fflush.o)
 .debug_str     0x00000000      0x54f /home/mikhail/bin/arm-cortexm0-eabi/lib/gcc/arm-cortexm0-eabi/13.2.0/../../../../arm-cortexm0-eabi/lib/libg.a(libc_a-fflush.o)
 .comment       0x00000000       0x37 /home/mikhail/bin/arm-cortexm0-eabi/lib/gcc/arm-cortexm0-eabi/13.2.0/../../../../arm-cortexm0-eabi/lib/libg.a(libc_a-fflush.o)
 .debug_frame   0x00000000       0x68 /home/mikhail/bin/arm-cortexm0-eabi/lib/gcc/arm-cortexm0-eabi/13.2.0/../../../../arm-cortexm0-eabi/lib/libg.a(libc_a-fflush.o)
 .ARM.attributes
                0x00000000       0x2c /home/mikhail/bin/arm-cortexm0-eabi/lib/gcc/arm-cortexm0-eabi/13.2.0/../../../../arm-cortexm0-eabi/lib/libg.a(libc_a-fflush.o)
 .text          0x00000000       0x24 /home/mikhail/bin/arm-cortexm0-eabi/lib/gcc/arm-cortexm0-eabi/13.2.0/../../../../arm-cortexm0-eabi/lib/libg.a(libc_a-sbrkr.o)
 .data          0x00000000        0x0 /home/mikhail/bin/arm-cortexm0-eabi/lib/gcc/arm-cortexm0-eabi/13.2.0/../../../../arm-cortexm0-eabi/lib/libg.a(libc_a-sbrkr.o)
 .bss           0x00000000        0x0 /home/mikhail/bin/arm-cortexm0-eabi/lib/gcc/arm-cortexm0-eabi/13.2.0/../../../../arm-cortexm0-eabi/lib/libg.a(libc_a-sbrkr.o)
 .debug_info    0x00000000      0x796 /home/mikhail/bin/arm-cortexm0-eabi/lib/gcc/arm-cortexm0-eabi/13.2.0/../../../../arm-cortexm0-eabi/lib/libg.a(libc_a-sbrkr.o)
 .debug_abbrev  0x00000000      0x216 /home/mikhail/bin/arm-cortexm0-eabi/lib/gcc/arm-cortexm0-eabi/13.2.0/../../../../arm-cortexm0-eabi/lib/libg.a(libc_a-sbrkr.o)
 .debug_loclists
                0x00000000       0x4b /home/mikhail/bin/arm-cortexm0-eabi/lib/gcc/arm-cortexm0-eabi/13.2.0/../../../../arm-cortexm0-eabi/lib/libg.a(libc_a-sbrkr.o)
 .debug_aranges
                0x00000000       0x20 /home/mikhail/bin/arm-cortexm0-eabi/lib/gcc/arm-cortexm0-eabi/13.2.0/../../../../arm-cortexm0-eabi/lib/libg.a(libc_a-sbrkr.o)
 .debug_line    0x00000000      0x20d /home/mikhail/bin/arm-cortexm0-eabi/lib/gcc/arm-cortexm0-eabi/13.2.0/../../../../arm-cortexm0-eabi/lib/libg.a(libc_a-sbrkr.o)
 .debug_str     0x00000000      0x4d1 /home/mikhail/bin/arm-cortexm0-eabi/lib/gcc/arm-cortexm0-eabi/13.2.0/../../../../arm-cortexm0-eabi/lib/libg.a(libc_a-sbrkr.o)
 .comment       0x00000000       0x37 /home/mikhail/bin/arm-cortexm0-eabi/lib/gcc/arm-cortexm0-eabi/13.2.0/../../../../arm-cortexm0-eabi/lib/libg.a(libc_a-sbrkr.o)
 .debug_frame   0x00000000       0x2c /home/mikhail/bin/arm-cortexm0-eabi/lib/gcc/arm-cortexm0-eabi/13.2.0/../../../../arm-cortexm0-eabi/lib/libg.a(libc_a-sbrkr.o)
 .ARM.attributes
                0x00000000       0x2c /home/mikhail/bin/arm-cortexm0-eabi/lib/gcc/arm-cortexm0-eabi/13.2.0/../../../../arm-cortexm0-eabi/lib/libg.a(libc_a-sbrkr.o)
 .text          0x00000000        0xc /home/mikhail/bin/arm-cortexm0-eabi/lib/gcc/arm-cortexm0-eabi/13.2.0/../../../../arm-cortexm0-eabi/lib/libg.a(libc_a-errno.o)
 .data          0x00000000        0x0 /home/mikhail/bin/arm-cortexm0-eabi/lib/gcc/arm-cortexm0-eabi/13.2.0/../../../../arm-cortexm0-eabi/lib/libg.a(libc_a-errno.o)
 .bss           0x00000000        0x0 /home/mikhail/bin/arm-cortexm0-eabi/lib/gcc/arm-cortexm0-eabi/13.2.0/../../../../arm-cortexm0-eabi/lib/libg.a(libc_a-errno.o)
 .debug_info    0x00000000      0x70f /home/mikhail/bin/arm-cortexm0-eabi/lib/gcc/arm-cortexm0-eabi/13.2.0/../../../../arm-cortexm0-eabi/lib/libg.a(libc_a-errno.o)
 .debug_abbrev  0x00000000      0x19a /home/mikhail/bin/arm-cortexm0-eabi/lib/gcc/arm-cortexm0-eabi/13.2.0/../../../../arm-cortexm0-eabi/lib/libg.a(libc_a-errno.o)
 .debug_aranges
                0x00000000       0x20 /home/mikhail/bin/arm-cortexm0-eabi/lib/gcc/arm-cortexm0-eabi/13.2.0/../../../../arm-cortexm0-eabi/lib/libg.a(libc_a-errno.o)
 .debug_line    0x00000000      0x186 /home/mikhail/bin/arm-cortexm0-eabi/lib/gcc/arm-cortexm0-eabi/13.2.0/../../../../arm-cortexm0-eabi/lib/libg.a(libc_a-errno.o)
 .debug_str     0x00000000      0x4c2 /home/mikhail/bin/arm-cortexm0-eabi/lib/gcc/arm-cortexm0-eabi/13.2.0/../../../../arm-cortexm0-eabi/lib/libg.a(libc_a-errno.o)
 .comment       0x00000000       0x37 /home/mikhail/bin/arm-cortexm0-eabi/lib/gcc/arm-cortexm0-eabi/13.2.0/../../../../arm-cortexm0-eabi/lib/libg.a(libc_a-errno.o)
 .debug_frame   0x00000000       0x20 /home/mikhail/bin/arm-cortexm0-eabi/lib/gcc/arm-cortexm0-eabi/13.2.0/../../../../arm-cortexm0-eabi/lib/libg.a(libc_a-errno.o)
 .ARM.attributes
                0x00000000       0x2c /home/mikhail/bin/arm-cortexm0-eabi/lib/gcc/arm-cortexm0-eabi/13.2.0/../../../../arm-cortexm0-eabi/lib/libg.a(libc_a-errno.o)
 .text          0x00000000       0x18 /home/mikhail/bin/arm-cortexm0-eabi/lib/gcc/arm-cortexm0-eabi/13.2.0/../../../../arm-cortexm0-eabi/lib/libg.a(libc_a-sysconf.o)
 .data          0x00000000        0x0 /home/mikhail/bin/arm-cortexm0-eabi/lib/gcc/arm-cortexm0-eabi/13.2.0/../../../../arm-cortexm0-eabi/lib/libg.a(libc_a-sysconf.o)
 .bss           0x00000000        0x0 /home/mikhail/bin/arm-cortexm0-eabi/lib/gcc/arm-cortexm0-eabi/13.2.0/../../../../arm-cortexm0-eabi/lib/libg.a(libc_a-sysconf.o)
 .debug_info    0x00000000       0xc1 /home/mikhail/bin/arm-cortexm0-eabi/lib/gcc/arm-cortexm0-eabi/13.2.0/../../../../arm-cortexm0-eabi/lib/libg.a(libc_a-sysconf.o)
 .debug_abbrev  0x00000000       0x80 /home/mikhail/bin/arm-cortexm0-eabi/lib/gcc/arm-cortexm0-eabi/13.2.0/../../../../arm-cortexm0-eabi/lib/libg.a(libc_a-sysconf.o)
 .debug_loclists
                0x00000000       0x24 /home/mikhail/bin/arm-cortexm0-eabi/lib/gcc/arm-cortexm0-eabi/13.2.0/../../../../arm-cortexm0-eabi/lib/libg.a(libc_a-sysconf.o)
 .debug_aranges
                0x00000000       0x20 /home/mikhail/bin/arm-cortexm0-eabi/lib/gcc/arm-cortexm0-eabi/13.2.0/../../../../arm-cortexm0-eabi/lib/libg.a(libc_a-sysconf.o)
 .debug_line    0x00000000      0x11e /home/mikhail/bin/arm-cortexm0-eabi/lib/gcc/arm-cortexm0-eabi/13.2.0/../../../../arm-cortexm0-eabi/lib/libg.a(libc_a-sysconf.o)
 .debug_str     0x00000000      0x1be /home/mikhail/bin/arm-cortexm0-eabi/lib/gcc/arm-cortexm0-eabi/13.2.0/../../../../arm-cortexm0-eabi/lib/libg.a(libc_a-sysconf.o)
 .comment       0x00000000       0x37 /home/mikhail/bin/arm-cortexm0-eabi/lib/gcc/arm-cortexm0-eabi/13.2.0/../../../../arm-cortexm0-eabi/lib/libg.a(libc_a-sysconf.o)
 .debug_frame   0x00000000       0x28 /home/mikhail/bin/arm-cortexm0-eabi/lib/gcc/arm-cortexm0-eabi/13.2.0/../../../../arm-cortexm0-eabi/lib/libg.a(libc_a-sysconf.o)
 .ARM.attributes
                0x00000000       0x2c /home/mikhail/bin/arm-cortexm0-eabi/lib/gcc/arm-cortexm0-eabi/13.2.0/../../../../arm-cortexm0-eabi/lib/libg.a(libc_a-sysconf.o)
 .text          0x00000000        0x0 /home/mikhail/bin/arm-cortexm0-eabi/lib/gcc/arm-cortexm0-eabi/13.2.0/crtend.o
 .data          0x00000000        0x0 /home/mikhail/bin/arm-cortexm0-eabi/lib/gcc/arm-cortexm0-eabi/13.2.0/crtend.o
 .bss           0x00000000        0x0 /home/mikhail/bin/arm-cortexm0-eabi/lib/gcc/arm-cortexm0-eabi/13.2.0/crtend.o
 .rodata        0x00000000       0x24 /home/mikhail/bin/arm-cortexm0-eabi/lib/gcc/arm-cortexm0-eabi/13.2.0/crtend.o
 .eh_frame      0x00000000        0x4 /home/mikhail/bin/arm-cortexm0-eabi/lib/gcc/arm-cortexm0-eabi/13.2.0/crtend.o
 .tm_clone_table
                0x00000000        0x0 /home/mikhail/bin/arm-cortexm0-eabi/lib/gcc/arm-cortexm0-eabi/13.2.0/crtend.o
 .comment       0x00000000       0x37 /home/mikhail/bin/arm-cortexm0-eabi/lib/gcc/arm-cortexm0-eabi/13.2.0/crtend.o
 .ARM.attributes
                0x00000000       0x2c /home/mikhail/bin/arm-cortexm0-eabi/lib/gcc/arm-cortexm0-eabi/13.2.0/crtend.o
 .text          0x00000000        0x0 /home/mikhail/bin/arm-cortexm0-eabi/lib/gcc/arm-cortexm0-eabi/13.2.0/crtn.o
 .data          0x00000000        0x0 /home/mikhail/bin/arm-cortexm0-eabi/lib/gcc/arm-cortexm0-eabi/13.2.0/crtn.o
 .bss           0x00000000        0x0 /home/mikhail/bin/arm-cortexm0-eabi/lib/gcc/arm-cortexm0-eabi/13.2.0/crtn.o

Memory Configuration

Name             Origin             Length             Attributes
FLASH            0x08000000         0x00010000         xr
RAM              0x20000000         0x00002000         xrw
*default*        0x00000000         0xffffffff

Linker script and memory map

LOAD /home/mikhail/bin/arm-cortexm0-eabi/lib/gcc/arm-cortexm0-eabi/13.2.0/crti.o
LOAD /home/mikhail/bin/arm-cortexm0-eabi/lib/gcc/arm-cortexm0-eabi/13.2.0/crtbegin.o
LOAD /home/mikhail/bin/arm-cortexm0-eabi/lib/gcc/arm-cortexm0-eabi/13.2.0/../../../../arm-cortexm0-eabi/lib/crt0.o
LOAD /tmp/cc5w9cXT.o
LOAD /tmp/ccXZUENH.o
LOAD /tmp/ccvgMndc.o
LOAD /tmp/ccESifJW.o
LOAD libraries/lib-board/libstm32f072b.a
LOAD libraries/lib-mcu/libstm32f0.a
START GROUP
LOAD /home/mikhail/bin/arm-cortexm0-eabi/lib/gcc/arm-cortexm0-eabi/13.2.0/libgcc.a
LOAD /home/mikhail/bin/arm-cortexm0-eabi/lib/gcc/arm-cortexm0-eabi/13.2.0/../../../../arm-cortexm0-eabi/lib/libg.a
LOAD /home/mikhail/bin/arm-cortexm0-eabi/lib/gcc/arm-cortexm0-eabi/13.2.0/../../../../arm-cortexm0-eabi/lib/libc.a
END GROUP
LOAD /home/mikhail/bin/arm-cortexm0-eabi/lib/gcc/arm-cortexm0-eabi/13.2.0/crtend.o
LOAD /home/mikhail/bin/arm-cortexm0-eabi/lib/gcc/arm-cortexm0-eabi/13.2.0/crtn.o
                0x20002000                        _estack = 0x20002000

.isr_vector     0x08000000       0xc4
                0x08000000                        . = ALIGN (0x4)
 *(.isr_vector)
 .isr_vector    0x08000000       0xc4 /tmp/cc5w9cXT.o
                0x08000000                g_pfnVectors
                0x080000c4                        . = ALIGN (0x4)

.text           0x080000c4      0xd60
                0x080000c4                        . = ALIGN (0x4)
 *(.text)
 .text          0x080000c4      0x118 libraries/lib-board/libstm32f072b.a(stm32f072b_discovery.o)
                0x080000c4                STM_EVAL_LEDInit
                0x080000fc                STM_EVAL_LEDOn
                0x08000118                STM_EVAL_LEDOff
                0x08000134                STM_EVAL_LEDToggle
                0x08000154                STM_EVAL_PBInit
                0x080001c4                STM_EVAL_PBGetState
 .text          0x080001dc       0xec libraries/lib-mcu/libstm32f0.a(stm32f0xx_exti.o)
                0x080001dc                EXTI_DeInit
                0x080001fc                EXTI_Init
                0x08000260                EXTI_StructInit
                0x08000270                EXTI_GenerateSWInterrupt
                0x08000280                EXTI_GetFlagStatus
                0x08000294                EXTI_ClearFlag
                0x080002a0                EXTI_GetITStatus
                0x080002bc                EXTI_ClearITPendingBit
 .text          0x080002c8      0x1ec libraries/lib-mcu/libstm32f0.a(stm32f0xx_gpio.o)
                0x080002c8                GPIO_DeInit
                0x0800036c                GPIO_Init
                0x08000414                GPIO_StructInit
                0x08000424                GPIO_PinLockConfig
                0x08000448                GPIO_ReadInputDataBit
                0x08000458                GPIO_ReadInputData
                0x08000460                GPIO_ReadOutputDataBit
                0x08000470                GPIO_ReadOutputData
                0x08000478                GPIO_SetBits
                0x0800047c                GPIO_ResetBits
                0x08000480                GPIO_WriteBit
                0x0800048c                GPIO_Write
                0x08000490                GPIO_PinAFConfig
 .text          0x080004b4       0x84 libraries/lib-mcu/libstm32f0.a(stm32f0xx_misc.o)
                0x080004b4                NVIC_Init
                0x08000504                NVIC_SystemLPConfig
                0x0800051c                SysTick_CLKSourceConfig
 .text          0x08000538      0x520 libraries/lib-mcu/libstm32f0.a(stm32f0xx_rcc.o)
                0x08000538                RCC_DeInit
                0x08000598                RCC_HSEConfig
                0x080005a8                RCC_WaitForHSEStartUp
                0x080005e4                RCC_AdjustHSICalibrationValue
                0x080005f8                RCC_HSICmd
                0x08000614                RCC_AdjustHSI14CalibrationValue
                0x08000628                RCC_HSI14Cmd
                0x08000644                RCC_HSI14ADCRequestCmd
                0x08000660                RCC_LSEConfig
                0x08000680                RCC_LSEDriveConfig
                0x08000698                RCC_LSICmd
                0x080006b4                RCC_PLLConfig
                0x080006d4                RCC_PLLCmd
                0x080006f8                RCC_PREDIV1Config
                0x0800070c                RCC_ClockSecuritySystemCmd
                0x08000730                RCC_MCOConfig
                0x0800073c                RCC_SYSCLKConfig
                0x08000750                RCC_GetSYSCLKSource
                0x08000760                RCC_HCLKConfig
                0x08000774                RCC_PCLKConfig
                0x0800078c                RCC_ADCCLKConfig
                0x080007c0                RCC_CECCLKConfig
                0x080007d8                RCC_I2CCLKConfig
                0x080007f0                RCC_USARTCLKConfig
                0x08000808                RCC_GetClocksFreq
                0x080008f0                RCC_RTCCLKConfig
                0x08000900                RCC_RTCCLKCmd
                0x08000924                RCC_BackupResetCmd
                0x08000948                RCC_AHBPeriphClockCmd
                0x08000960                RCC_APB2PeriphClockCmd
                0x08000978                RCC_APB1PeriphClockCmd
                0x08000990                RCC_AHBPeriphResetCmd
                0x080009a8                RCC_APB2PeriphResetCmd
                0x080009c0                RCC_APB1PeriphResetCmd
                0x080009d8                RCC_ITConfig
                0x080009f0                RCC_GetFlagStatus
                0x08000a24                RCC_ClearFlag
                0x08000a38                RCC_GetITStatus
                0x08000a4c                RCC_ClearITPendingBit
 .text          0x08000a58       0xc8 libraries/lib-mcu/libstm32f0.a(stm32f0xx_syscfg.o)
                0x08000a58                SYSCFG_DeInit
                0x08000a7c                SYSCFG_MemoryRemapConfig
                0x08000a90                SYSCFG_DMAChannelRemapConfig
                0x08000aa8                SYSCFG_I2CFastModePlusConfig
                0x08000ac4                SYSCFG_EXTILineConfig
                0x08000af0                SYSCFG_BreakConfig
                0x08000b00                SYSCFG_GetFlagStatus
                0x08000b10                SYSCFG_ClearFlag
 .text          0x08000b20       0x8c /home/mikhail/bin/arm-cortexm0-eabi/lib/gcc/arm-cortexm0-eabi/13.2.0/libgcc.a(_udivsi3.o)
                0x08000b20                __udivsi3
                0x08000b20                __aeabi_uidiv
                0x08000b98                __aeabi_uidivmod
 .text          0x08000bac        0x4 /home/mikhail/bin/arm-cortexm0-eabi/lib/gcc/arm-cortexm0-eabi/13.2.0/libgcc.a(_dvmd_tls.o)
                0x08000bac                __aeabi_ldiv0
                0x08000bac                __aeabi_idiv0
 .text          0x08000bb0       0x48 /home/mikhail/bin/arm-cortexm0-eabi/lib/gcc/arm-cortexm0-eabi/13.2.0/../../../../arm-cortexm0-eabi/lib/libg.a(libc_a-init.o)
                0x08000bb0                __libc_init_array
 *(.text.*)
 .text.Reset_Handler
                0x08000bf8       0x50 /tmp/cc5w9cXT.o
                0x08000bf8                Reset_Handler
 .text.Default_Handler
                0x08000c48        0x2 /tmp/cc5w9cXT.o
                0x08000c48                TIM1_CC_IRQHandler
                0x08000c48                ADC1_COMP_IRQHandler
                0x08000c48                PVD_IRQHandler
                0x08000c48                I2C1_IRQHandler
                0x08000c48                SPI1_IRQHandler
                0x08000c48                TIM6_DAC_IRQHandler
                0x08000c48                EXTI2_3_IRQHandler
                0x08000c48                I2C2_IRQHandler
                0x08000c48                TIM17_IRQHandler
                0x08000c48                RTC_IRQHandler
                0x08000c48                TIM16_IRQHandler
                0x08000c48                TIM3_IRQHandler
                0x08000c48                EXTI4_15_IRQHandler
                0x08000c48                RCC_IRQHandler
                0x08000c48                DMA1_Channel1_IRQHandler
                0x08000c48                Default_Handler
                0x08000c48                CEC_IRQHandler
                0x08000c48                TIM14_IRQHandler
                0x08000c48                DMA1_Channel4_5_IRQHandler
                0x08000c48                TIM15_IRQHandler
                0x08000c48                EXTI0_1_IRQHandler
                0x08000c48                SPI2_IRQHandler
                0x08000c48                TS_IRQHandler
                0x08000c48                WWDG_IRQHandler
                0x08000c48                TIM2_IRQHandler
                0x08000c48                DMA1_Channel2_3_IRQHandler
                0x08000c48                USART2_IRQHandler
                0x08000c48                FLASH_IRQHandler
                0x08000c48                USART1_IRQHandler
                0x08000c48                TIM1_BRK_UP_TRG_COM_IRQHandler
 *fill*         0x08000c4a        0x2 
 .text.SystemInit
                0x08000c4c       0xb4 /tmp/ccXZUENH.o
                0x08000c4c                SystemInit
 .text.NMI_Handler
                0x08000d00        0x2 /tmp/ccvgMndc.o
                0x08000d00                NMI_Handler
 .text.HardFault_Handler
                0x08000d02        0x2 /tmp/ccvgMndc.o
                0x08000d02                HardFault_Handler
 .text.SVC_Handler
                0x08000d04        0x2 /tmp/ccvgMndc.o
                0x08000d04                SVC_Handler
 .text.PendSV_Handler
                0x08000d06        0x2 /tmp/ccvgMndc.o
                0x08000d06                PendSV_Handler
 .text.SysTick_Handler
                0x08000d08       0x50 /tmp/ccvgMndc.o
                0x08000d08                SysTick_Handler
 .text.startup.main
                0x08000d58       0x74 /tmp/ccESifJW.o
                0x08000d58                main
 *(.rodata)
 .rodata        0x08000dcc       0x2e libraries/lib-board/libstm32f072b.a(stm32f072b_discovery.o)
                0x08000dcc                GPIO_CLK
                0x08000ddc                GPIO_PIN
                0x08000de4                BUTTON_IRQn
                0x08000de8                BUTTON_PIN_SOURCE
                0x08000dec                BUTTON_PORT_SOURCE
                0x08000df0                BUTTON_EXTI_LINE
                0x08000df4                BUTTON_CLK
                0x08000df8                BUTTON_PIN
 *fill*         0x08000dfa        0x2 
 .rodata        0x08000dfc       0x10 libraries/lib-mcu/libstm32f0.a(stm32f0xx_rcc.o)
 *(.rodata*)
 *(.glue_7)
 .glue_7        0x08000e0c        0x0 linker stubs
 *(.glue_7t)
 .glue_7t       0x08000e0c        0x0 linker stubs
 *(.init)
 .init          0x08000e0c        0x4 /home/mikhail/bin/arm-cortexm0-eabi/lib/gcc/arm-cortexm0-eabi/13.2.0/crti.o
                0x08000e0c                _init
 .init          0x08000e10        0x8 /home/mikhail/bin/arm-cortexm0-eabi/lib/gcc/arm-cortexm0-eabi/13.2.0/crtn.o
 *(.fini)
 .fini          0x08000e18        0x4 /home/mikhail/bin/arm-cortexm0-eabi/lib/gcc/arm-cortexm0-eabi/13.2.0/crti.o
                0x08000e18                _fini
 .fini          0x08000e1c        0x8 /home/mikhail/bin/arm-cortexm0-eabi/lib/gcc/arm-cortexm0-eabi/13.2.0/crtn.o
                0x08000e24                        . = ALIGN (0x4)
                0x08000e24                        _etext = .
                0x08000e24                        _sidata = _etext

.vfp11_veneer   0x08000e24        0x0
 .vfp11_veneer  0x08000e24        0x0 linker stubs

.v4_bx          0x08000e24        0x0
 .v4_bx         0x08000e24        0x0 linker stubs

.iplt           0x08000e24        0x0
 .iplt          0x08000e24        0x0 /tmp/cc5w9cXT.o

.rel.dyn        0x08000e24        0x0
 .rel.iplt      0x08000e24        0x0 /tmp/cc5w9cXT.o

.data           0x20000000       0x18 load address 0x08000e24
                0x20000000                        . = ALIGN (0x4)
                0x20000000                        _sdata = .
                0x20000000                        _data = .
 *(.data)
 .data          0x20000000       0x14 libraries/lib-board/libstm32f072b.a(stm32f072b_discovery.o)
                0x20000000                GPIO_PORT
                0x20000010                BUTTON_PORT
 *(.data.*)
 .data.SystemCoreClock
                0x20000014        0x4 /tmp/ccXZUENH.o
                0x20000014                SystemCoreClock
 *(.RAMtext)
                0x20000018                        . = ALIGN (0x4)
                0x20000018                        _edata = .

.igot.plt       0x20000018        0x0 load address 0x08000e3c
 .igot.plt      0x20000018        0x0 /tmp/cc5w9cXT.o

.bss            0x20000018        0x4 load address 0x08000e3c
                0x20000018                        . = ALIGN (0x4)
                0x20000018                        _sbss = .
                0x20000018                        _bss = .
 *(.bss)
 *(.bss.*)
 .bss.blue_state.0
                0x20000018        0x1 /tmp/ccvgMndc.o
 *fill*         0x20000019        0x1 
 .bss.tick.1    0x2000001a        0x2 /tmp/ccvgMndc.o
 *(COMMON)
                0x2000001c                        . = ALIGN (0x4)
                0x2000001c                        _ebss = .
                0x2000001c                        PROVIDE (end = _ebss)
                [!provide]                        PROVIDE (_end = _ebss)
                0x2000001c                        __exidx_start = .
                0x2000001c                        __exidx_end = .

/DISCARD/
 libc.a(*)
 libm.a(*)
 libgcc.a(*)

.stab
 *(.stab)

.stabstr
 *(.stabstr)

.stab.excl
 *(.stab.excl)

.stab.exclstr
 *(.stab.exclstr)

.stab.index
 *(.stab.index)

.stab.indexstr
 *(.stab.indexstr)

.comment        0x00000000       0x36
 *(.comment)
 .comment       0x00000000       0x36 /tmp/ccXZUENH.o
                                 0x37 (size before relaxing)
 .comment       0x00000036       0x37 /tmp/ccvgMndc.o
 .comment       0x00000036       0x37 /tmp/ccESifJW.o
 .comment       0x00000036       0x37 libraries/lib-board/libstm32f072b.a(stm32f072b_discovery.o)
 .comment       0x00000036       0x37 libraries/lib-mcu/libstm32f0.a(stm32f0xx_exti.o)
 .comment       0x00000036       0x37 libraries/lib-mcu/libstm32f0.a(stm32f0xx_gpio.o)
 .comment       0x00000036       0x37 libraries/lib-mcu/libstm32f0.a(stm32f0xx_misc.o)
 .comment       0x00000036       0x37 libraries/lib-mcu/libstm32f0.a(stm32f0xx_rcc.o)
 .comment       0x00000036       0x37 libraries/lib-mcu/libstm32f0.a(stm32f0xx_syscfg.o)
 .comment       0x00000036       0x37 /home/mikhail/bin/arm-cortexm0-eabi/lib/gcc/arm-cortexm0-eabi/13.2.0/../../../../arm-cortexm0-eabi/lib/libg.a(libc_a-init.o)

.ARM.attributes
                0x00000000       0x28
 .ARM.attributes
                0x00000000       0x1e /home/mikhail/bin/arm-cortexm0-eabi/lib/gcc/arm-cortexm0-eabi/13.2.0/crti.o
 .ARM.attributes
                0x0000001e       0x21 /tmp/cc5w9cXT.o
 .ARM.attributes
                0x0000003f       0x2c /tmp/ccXZUENH.o
 .ARM.attributes
                0x0000006b       0x2c /tmp/ccvgMndc.o
 .ARM.attributes
                0x00000097       0x2c /tmp/ccESifJW.o
 .ARM.attributes
                0x000000c3       0x2c libraries/lib-board/libstm32f072b.a(stm32f072b_discovery.o)
 .ARM.attributes
                0x000000ef       0x2c libraries/lib-mcu/libstm32f0.a(stm32f0xx_exti.o)
 .ARM.attributes
                0x0000011b       0x2c libraries/lib-mcu/libstm32f0.a(stm32f0xx_gpio.o)
 .ARM.attributes
                0x00000147       0x2c libraries/lib-mcu/libstm32f0.a(stm32f0xx_misc.o)
 .ARM.attributes
                0x00000173       0x2c libraries/lib-mcu/libstm32f0.a(stm32f0xx_rcc.o)
 .ARM.attributes
                0x0000019f       0x2c libraries/lib-mcu/libstm32f0.a(stm32f0xx_syscfg.o)
 .ARM.attributes
                0x000001cb       0x1e /home/mikhail/bin/arm-cortexm0-eabi/lib/gcc/arm-cortexm0-eabi/13.2.0/libgcc.a(_udivsi3.o)
 .ARM.attributes
                0x000001e9       0x1e /home/mikhail/bin/arm-cortexm0-eabi/lib/gcc/arm-cortexm0-eabi/13.2.0/libgcc.a(_dvmd_tls.o)
 .ARM.attributes
                0x00000207       0x2c /home/mikhail/bin/arm-cortexm0-eabi/lib/gcc/arm-cortexm0-eabi/13.2.0/../../../../arm-cortexm0-eabi/lib/libg.a(libc_a-init.o)
 .ARM.attributes
                0x00000233       0x1e /home/mikhail/bin/arm-cortexm0-eabi/lib/gcc/arm-cortexm0-eabi/13.2.0/crtn.o

.debug
 *(.debug)

.line
 *(.line)

.debug_srcinfo
 *(.debug_srcinfo)

.debug_sfnames
 *(.debug_sfnames)

.debug_aranges  0x00000000      0x1d0
 *(.debug_aranges)
 .debug_aranges
                0x00000000       0x28 /tmp/cc5w9cXT.o
 .debug_aranges
                0x00000028       0x28 /tmp/ccXZUENH.o
 .debug_aranges
                0x00000050       0x40 /tmp/ccvgMndc.o
 .debug_aranges
                0x00000090       0x20 /tmp/ccESifJW.o
 .debug_aranges
                0x000000b0       0x20 libraries/lib-board/libstm32f072b.a(stm32f072b_discovery.o)
 .debug_aranges
                0x000000d0       0x20 libraries/lib-mcu/libstm32f0.a(stm32f0xx_exti.o)
 .debug_aranges
                0x000000f0       0x20 libraries/lib-mcu/libstm32f0.a(stm32f0xx_gpio.o)
 .debug_aranges
                0x00000110       0x20 libraries/lib-mcu/libstm32f0.a(stm32f0xx_misc.o)
 .debug_aranges
                0x00000130       0x20 libraries/lib-mcu/libstm32f0.a(stm32f0xx_rcc.o)
 .debug_aranges
                0x00000150       0x20 libraries/lib-mcu/libstm32f0.a(stm32f0xx_syscfg.o)
 .debug_aranges
                0x00000170       0x20 /home/mikhail/bin/arm-cortexm0-eabi/lib/gcc/arm-cortexm0-eabi/13.2.0/libgcc.a(_udivsi3.o)
 .debug_aranges
                0x00000190       0x20 /home/mikhail/bin/arm-cortexm0-eabi/lib/gcc/arm-cortexm0-eabi/13.2.0/libgcc.a(_dvmd_tls.o)
 .debug_aranges
                0x000001b0       0x20 /home/mikhail/bin/arm-cortexm0-eabi/lib/gcc/arm-cortexm0-eabi/13.2.0/../../../../arm-cortexm0-eabi/lib/libg.a(libc_a-init.o)

.debug_pubnames
 *(.debug_pubnames)

.debug_info     0x00000000     0x3234
 *(.debug_info .gnu.linkonce.wi.*)
 .debug_info    0x00000000       0x30 /tmp/cc5w9cXT.o
 .debug_info    0x00000030      0x2f9 /tmp/ccXZUENH.o
 .debug_info    0x00000329      0x25f /tmp/ccvgMndc.o
 .debug_info    0x00000588      0x78f /tmp/ccESifJW.o
 .debug_info    0x00000d17      0x8b9 libraries/lib-board/libstm32f072b.a(stm32f072b_discovery.o)
 .debug_info    0x000015d0      0x341 libraries/lib-mcu/libstm32f0.a(stm32f0xx_exti.o)
 .debug_info    0x00001911      0x730 libraries/lib-mcu/libstm32f0.a(stm32f0xx_gpio.o)
 .debug_info    0x00002041      0x340 libraries/lib-mcu/libstm32f0.a(stm32f0xx_misc.o)
 .debug_info    0x00002381      0xa7c libraries/lib-mcu/libstm32f0.a(stm32f0xx_rcc.o)
 .debug_info    0x00002dfd      0x2b3 libraries/lib-mcu/libstm32f0.a(stm32f0xx_syscfg.o)
 .debug_info    0x000030b0       0x3d /home/mikhail/bin/arm-cortexm0-eabi/lib/gcc/arm-cortexm0-eabi/13.2.0/libgcc.a(_udivsi3.o)
 .debug_info    0x000030ed       0x3c /home/mikhail/bin/arm-cortexm0-eabi/lib/gcc/arm-cortexm0-eabi/13.2.0/libgcc.a(_dvmd_tls.o)
 .debug_info    0x00003129      0x10b /home/mikhail/bin/arm-cortexm0-eabi/lib/gcc/arm-cortexm0-eabi/13.2.0/../../../../arm-cortexm0-eabi/lib/libg.a(libc_a-init.o)

.debug_abbrev   0x00000000     0x12cb
 *(.debug_abbrev)
 .debug_abbrev  0x00000000       0x24 /tmp/cc5w9cXT.o
 .debug_abbrev  0x00000024      0x178 /tmp/ccXZUENH.o
 .debug_abbrev  0x0000019c      0x15b /tmp/ccvgMndc.o
 .debug_abbrev  0x000002f7      0x240 /tmp/ccESifJW.o
 .debug_abbrev  0x00000537      0x20d libraries/lib-board/libstm32f072b.a(stm32f072b_discovery.o)
 .debug_abbrev  0x00000744      0x21b libraries/lib-mcu/libstm32f0.a(stm32f0xx_exti.o)
 .debug_abbrev  0x0000095f      0x224 libraries/lib-mcu/libstm32f0.a(stm32f0xx_gpio.o)
 .debug_abbrev  0x00000b83      0x170 libraries/lib-mcu/libstm32f0.a(stm32f0xx_misc.o)
 .debug_abbrev  0x00000cf3      0x2ed libraries/lib-mcu/libstm32f0.a(stm32f0xx_rcc.o)
 .debug_abbrev  0x00000fe0      0x1d4 libraries/lib-mcu/libstm32f0.a(stm32f0xx_syscfg.o)
 .debug_abbrev  0x000011b4       0x28 /home/mikhail/bin/arm-cortexm0-eabi/lib/gcc/arm-cortexm0-eabi/13.2.0/libgcc.a(_udivsi3.o)
 .debug_abbrev  0x000011dc       0x26 /home/mikhail/bin/arm-cortexm0-eabi/lib/gcc/arm-cortexm0-eabi/13.2.0/libgcc.a(_dvmd_tls.o)
 .debug_abbrev  0x00001202       0xc9 /home/mikhail/bin/arm-cortexm0-eabi/lib/gcc/arm-cortexm0-eabi/13.2.0/../../../../arm-cortexm0-eabi/lib/libg.a(libc_a-init.o)

.debug_line     0x00000000     0x22d5
 *(.debug_line)
 .debug_line    0x00000000       0x7c /tmp/cc5w9cXT.o
 .debug_line    0x0000007c      0x334 /tmp/ccXZUENH.o
 .debug_line    0x000003b0      0x222 /tmp/ccvgMndc.o
 .debug_line    0x000005d2      0x2a7 /tmp/ccESifJW.o
 .debug_line    0x00000879      0x2c0 libraries/lib-board/libstm32f072b.a(stm32f072b_discovery.o)
 .debug_line    0x00000b39      0x2cc libraries/lib-mcu/libstm32f0.a(stm32f0xx_exti.o)
 .debug_line    0x00000e05      0x431 libraries/lib-mcu/libstm32f0.a(stm32f0xx_gpio.o)
 .debug_line    0x00001236      0x21d libraries/lib-mcu/libstm32f0.a(stm32f0xx_misc.o)
 .debug_line    0x00001453      0xa49 libraries/lib-mcu/libstm32f0.a(stm32f0xx_rcc.o)
 .debug_line    0x00001e9c      0x228 libraries/lib-mcu/libstm32f0.a(stm32f0xx_syscfg.o)
 .debug_line    0x000020c4       0x61 /home/mikhail/bin/arm-cortexm0-eabi/lib/gcc/arm-cortexm0-eabi/13.2.0/libgcc.a(_udivsi3.o)
 .debug_line    0x00002125       0x4a /home/mikhail/bin/arm-cortexm0-eabi/lib/gcc/arm-cortexm0-eabi/13.2.0/libgcc.a(_dvmd_tls.o)
 .debug_line    0x0000216f      0x166 /home/mikhail/bin/arm-cortexm0-eabi/lib/gcc/arm-cortexm0-eabi/13.2.0/../../../../arm-cortexm0-eabi/lib/libg.a(libc_a-init.o)

.debug_frame    0x00000000      0x6e8
 *(.debug_frame)
 .debug_frame   0x00000000       0x48 /tmp/ccXZUENH.o
 .debug_frame   0x00000048       0x68 /tmp/ccvgMndc.o
 .debug_frame   0x000000b0       0x2c /tmp/ccESifJW.o
 .debug_frame   0x000000dc       0x94 libraries/lib-board/libstm32f072b.a(stm32f072b_discovery.o)
 .debug_frame   0x00000170       0x9c libraries/lib-mcu/libstm32f0.a(stm32f0xx_exti.o)
 .debug_frame   0x0000020c      0x110 libraries/lib-mcu/libstm32f0.a(stm32f0xx_gpio.o)
 .debug_frame   0x0000031c       0x50 libraries/lib-mcu/libstm32f0.a(stm32f0xx_misc.o)
 .debug_frame   0x0000036c      0x298 libraries/lib-mcu/libstm32f0.a(stm32f0xx_rcc.o)
 .debug_frame   0x00000604       0x98 libraries/lib-mcu/libstm32f0.a(stm32f0xx_syscfg.o)
 .debug_frame   0x0000069c       0x20 /home/mikhail/bin/arm-cortexm0-eabi/lib/gcc/arm-cortexm0-eabi/13.2.0/libgcc.a(_udivsi3.o)
 .debug_frame   0x000006bc       0x2c /home/mikhail/bin/arm-cortexm0-eabi/lib/gcc/arm-cortexm0-eabi/13.2.0/../../../../arm-cortexm0-eabi/lib/libg.a(libc_a-init.o)

.debug_str      0x00000000     0x16b6
 *(.debug_str)
 .debug_str     0x00000000       0x6f /tmp/cc5w9cXT.o
 .debug_str     0x0000006f      0x202 /tmp/ccXZUENH.o
                                0x294 (size before relaxing)
 .debug_str     0x00000271      0x104 /tmp/ccvgMndc.o
                                0x27c (size before relaxing)
 .debug_str     0x00000375      0x3cb /tmp/ccESifJW.o
                                0x635 (size before relaxing)
 .debug_str     0x00000740      0x3d0 libraries/lib-board/libstm32f072b.a(stm32f072b_discovery.o)
                                0x81d (size before relaxing)
 .debug_str     0x00000b10      0x13f libraries/lib-mcu/libstm32f0.a(stm32f0xx_exti.o)
                                0x34a (size before relaxing)
 .debug_str     0x00000c4f      0x169 libraries/lib-mcu/libstm32f0.a(stm32f0xx_gpio.o)
                                0x4ab (size before relaxing)
 .debug_str     0x00000db8       0xa0 libraries/lib-mcu/libstm32f0.a(stm32f0xx_misc.o)
                                0x2fa (size before relaxing)
 .debug_str     0x00000e58      0x47a libraries/lib-mcu/libstm32f0.a(stm32f0xx_rcc.o)
                                0x72c (size before relaxing)
 .debug_str     0x000012d2      0x168 libraries/lib-mcu/libstm32f0.a(stm32f0xx_syscfg.o)
                                0x31f (size before relaxing)
 .debug_str     0x0000143a       0xd3 /home/mikhail/bin/arm-cortexm0-eabi/lib/gcc/arm-cortexm0-eabi/13.2.0/libgcc.a(_udivsi3.o)
                                 0xdf (size before relaxing)
 .debug_str     0x0000150d       0x1c /home/mikhail/bin/arm-cortexm0-eabi/lib/gcc/arm-cortexm0-eabi/13.2.0/libgcc.a(_dvmd_tls.o)
                                 0xe0 (size before relaxing)
 .debug_str     0x00001529      0x18d /home/mikhail/bin/arm-cortexm0-eabi/lib/gcc/arm-cortexm0-eabi/13.2.0/../../../../arm-cortexm0-eabi/lib/libg.a(libc_a-init.o)
                                0x216 (size before relaxing)

.debug_loc
 *(.debug_loc)

.debug_macinfo
 *(.debug_macinfo)

.debug_weaknames
 *(.debug_weaknames)

.debug_funcnames
 *(.debug_funcnames)

.debug_typenames
 *(.debug_typenames)

.debug_varnames
 *(.debug_varnames)
OUTPUT(main.elf elf32-littlearm)
LOAD linker stubs
LOAD /home/mikhail/bin/arm-cortexm0-eabi/lib/gcc/arm-cortexm0-eabi/13.2.0/../../../../arm-cortexm0-eabi/lib/libc.a
LOAD /home/mikhail/bin/arm-cortexm0-eabi/lib/gcc/arm-cortexm0-eabi/13.2.0/../../../../arm-cortexm0-eabi/lib/libm.a
LOAD /home/mikhail/bin/arm-cortexm0-eabi/lib/gcc/arm-cortexm0-eabi/13.2.0/libgcc.a

.debug_line_str
                0x00000000      0x10d
 .debug_line_str
                0x00000000       0x55 /tmp/cc5w9cXT.o
 .debug_line_str
                0x00000055       0xb8 /home/mikhail/bin/arm-cortexm0-eabi/lib/gcc/arm-cortexm0-eabi/13.2.0/libgcc.a(_udivsi3.o)
 .debug_line_str
                0x0000010d       0xb8 /home/mikhail/bin/arm-cortexm0-eabi/lib/gcc/arm-cortexm0-eabi/13.2.0/libgcc.a(_dvmd_tls.o)

.debug_rnglists
                0x00000000       0xb4
 .debug_rnglists
                0x00000000       0x19 /tmp/cc5w9cXT.o
 .debug_rnglists
                0x00000019       0x1a /tmp/ccXZUENH.o
 .debug_rnglists
                0x00000033       0x2b /tmp/ccvgMndc.o
 .debug_rnglists
                0x0000005e       0x2b /tmp/ccESifJW.o
 .debug_rnglists
                0x00000089       0x2b libraries/lib-mcu/libstm32f0.a(stm32f0xx_rcc.o)

.debug_loclists
                0x00000000      0xc3a
 .debug_loclists
                0x00000000       0xcb /tmp/ccXZUENH.o
 .debug_loclists
                0x000000cb       0x3b /tmp/ccESifJW.o
 .debug_loclists
                0x00000106       0xd3 libraries/lib-board/libstm32f072b.a(stm32f072b_discovery.o)
 .debug_loclists
                0x000001d9      0x147 libraries/lib-mcu/libstm32f0.a(stm32f0xx_exti.o)
 .debug_loclists
                0x00000320      0x30e libraries/lib-mcu/libstm32f0.a(stm32f0xx_gpio.o)
 .debug_loclists
                0x0000062e       0x55 libraries/lib-mcu/libstm32f0.a(stm32f0xx_misc.o)
 .debug_loclists
                0x00000683      0x4ce libraries/lib-mcu/libstm32f0.a(stm32f0xx_rcc.o)
 .debug_loclists
                0x00000b51       0xb1 libraries/lib-mcu/libstm32f0.a(stm32f0xx_syscfg.o)
 .debug_loclists
                0x00000c02       0x38 /home/mikhail/bin/arm-cortexm0-eabi/lib/gcc/arm-cortexm0-eabi/13.2.0/../../../../arm-cortexm0-eabi/lib/libg.a(libc_a-init.o)
